<html>
<body>
<pre>
<h1>礦ision Build Log</h1>
<h2>Tool Versions:</h2>
IDE-Version: μVision V5.14.2
Copyright (C) 2015 ARM Ltd and ARM Germany GmbH. All rights reserved.
License Information: Cortex-M3, Microsoft, LIC=LSNNN-Y4GU2-PZ9WB-27MWL-4VUYF-KJ1IE
 
Tool Versions:
Toolchain:       MDK-ARM Standard  Version: 5.11.0.0
Toolchain Path:  D:\Keil_v5\ARM\ARMCC\Bin
C Compiler:      Armcc.exe V5.04 update 1 (build 49)
Assembler:       Armasm.exe V5.04 update 1 (build 49)
Linker/Locator:  ArmLink.exe V5.04 update 1 (build 49)
Library Manager: ArmAr.exe V5.04 update 1 (build 49)
Hex Converter:   FromElf.exe V5.04 update 1 (build 49)
CPU DLL:         SARMCM3.DLL V5.11.0.0
Dialog DLL:      DCM.DLL V1.11.0.0
Target DLL:      Segger\JL2CM3.dll V2.97.0.0
Dialog DLL:      TCM.DLL V1.14.1.0
 
<h2>Project:</h2>
E:\周浦\work\程杰\同田泵电路重做\software\pump_lowend\V1.3\100ml\prj\pump.uvprojx
Project File Date:  07/28/2018

<h2>Output:</h2>
*** Using Compiler 'V5.04 update 1 (build 49)', folder: 'D:\Keil_v5\ARM\ARMCC\Bin'
Build target 'Target 1'
compiling interface.c...
..\src\system\interface.c(35): warning:  #177-D: variable "AccCntStr" was declared but never referenced
        char AccCntStr[] = {0, 0, 0, 0, 0, 0, 0, 0, 0, 0, 0, 0};
..\src\system\interface.c: 1 warning, 0 errors
linking...
Program Size: Code=47416 RO-data=1176 RW-data=260 ZI-data=47812  
FromELF: creating hex file...
".\Objects\pump.axf" - 0 Error(s), 1 Warning(s).

<h2>Collection of Component include folders:</h2>
  E:\周浦\work\程杰\同田泵电路重做\software\pump_lowend\V1.3\100ml\prj\RTE
  D:\Keil_v5\ARM\PACK\Keil\STM32F1xx_DFP\2.2.0\Device\Include

<h2>Collection of Component Files used:</h2>
</pre>
</body>
</html>
