Component: ARM Compiler 5.06 update 6 (build 750) Tool: armlink [4d35ed]

==============================================================================

Section Cross References

    communication.o(i.TaskPC) refers to memcpya.o(.text) for __aeabi_memcpy4
    communication.o(i.TaskPC) refers to stm32f10x_gpio.o(.text) for GPIO_ReadInputDataBit
    communication.o(i.TaskPC) refers to os_time.o(.text) for OSTimeDly
    communication.o(i.TaskPC) refers to atoi.o(.text) for atoi
    communication.o(i.TaskPC) refers to communication.o(i.CalCRC) for CalCRC
    communication.o(i.TaskPC) refers to usart.o(i.USART2_Putc) for USART2_Putc
    communication.o(i.TaskPC) refers to printf6.o(i.__0sprintf$6) for __2sprintf
    communication.o(i.TaskPC) refers to usart.o(i.USART2_Puts) for USART2_Puts
    communication.o(i.TaskPC) refers to pump.o(i.PumpSetFlow) for PumpSetFlow
    communication.o(i.TaskPC) refers to os_mbox.o(.text) for OSMboxPostOpt
    communication.o(i.TaskPC) refers to communication.o(.bss) for frameData
    communication.o(i.TaskPC) refers to main.o(.data) for KeyMbox
    flash.o(i.Erase_Flash) refers to stm32f10x_rcc.o(.text) for RCC_HSICmd
    flash.o(i.Erase_Flash) refers to stm32f10x_flash.o(.text) for FLASH_Unlock
    flash.o(i.Read_Flash) refers to pump.o(.bss) for PumpCtl
    flash.o(i.Read_Flash) refers to flash.o(.data) for FlashImage_setFlow
    flash.o(i.Read_Flash) refers to flash.o(.bss) for FlashImage_flowPara
    flash.o(i.Write16bit_Flash) refers to stm32f10x_rcc.o(.text) for RCC_HSICmd
    flash.o(i.Write16bit_Flash) refers to stm32f10x_flash.o(.text) for FLASH_Unlock
    flash.o(i.Write32bit_Flash) refers to stm32f10x_rcc.o(.text) for RCC_HSICmd
    flash.o(i.Write32bit_Flash) refers to stm32f10x_flash.o(.text) for FLASH_Unlock
    flash.o(i.Write8bit_Flash) refers to stm32f10x_rcc.o(.text) for RCC_HSICmd
    flash.o(i.Write8bit_Flash) refers to stm32f10x_flash.o(.text) for FLASH_Unlock
    flash.o(i.Write_Flash) refers to flash.o(i.Erase_Flash) for Erase_Flash
    flash.o(i.Write_Flash) refers to flash.o(i.Write16bit_Flash) for Write16bit_Flash
    flash.o(i.Write_Flash) refers to pump.o(.bss) for PumpCtl
    flash.o(i.Write_Flash) refers to flash.o(.bss) for FlashImage_flowPara
    flash.o(i.Write_Flash) refers to flash.o(.data) for FlashImage_setFlow
    interface.o(i.TaskMain) refers to lcd12864.o(i.ShowStr) for ShowStr
    interface.o(i.TaskMain) refers to printf6.o(i.__0sprintf$6) for __2sprintf
    interface.o(i.TaskMain) refers to flash.o(i.Write_Flash) for Write_Flash
    interface.o(i.TaskMain) refers to os_time.o(.text) for OSTimeDly
    interface.o(i.TaskMain) refers to os_mbox.o(.text) for OSMboxAccept
    interface.o(i.TaskMain) refers to pump.o(i.PumpStart) for PumpStart
    interface.o(i.TaskMain) refers to pump.o(i.PumpStop) for PumpStop
    interface.o(i.TaskMain) refers to lcd12864.o(i.Clear_Screen) for Clear_Screen
    interface.o(i.TaskMain) refers to pressure.o(i.GetPressure) for GetPressure
    interface.o(i.TaskMain) refers to pump.o(i.PumpPuge) for PumpPuge
    interface.o(i.TaskMain) refers to pump.o(.bss) for PumpCtl
    interface.o(i.TaskMain) refers to main.o(.data) for KeyMbox
    interface.o(i.TaskMain) refers to pump.o(i.PumpSetFlow) for PumpSetFlow
    interface.o(i.TaskMain) refers to pump.o(i.SetFlowPara) for SetFlowPara
    interface.o(i.TaskMain) refers to pump.o(.constdata) for PUMP_FlowPara
    interface.o(i.interface_0_show) refers to lcd12864.o(i.ShowStr) for ShowStr
    main.o(i.OSCreateEvent) refers to os_mbox.o(.text) for OSMboxCreate
    main.o(i.OSCreateEvent) refers to main.o(.data) for KeyMbox
    main.o(i.TaskBZ) refers to stm32f10x_gpio.o(.text) for GPIO_SetBits
    main.o(i.TaskBZ) refers to os_time.o(.text) for OSTimeDly
    main.o(i.TaskBZ) refers to os_task.o(.text) for OSTaskDel
    main.o(i.TaskInit) refers to rcc.o(i.RCC_Configuration) for RCC_Configuration
    main.o(i.TaskInit) refers to tim.o(i.TIM_Configuration) for TIM_Configuration
    main.o(i.TaskInit) refers to nvic.o(i.NVIC_Configuration) for NVIC_Configuration
    main.o(i.TaskInit) refers to gpio.o(i.GPIO_Configuration) for GPIO_Configuration
    main.o(i.TaskInit) refers to ad.o(i.ADC_Configuration) for ADC_Configuration
    main.o(i.TaskInit) refers to ad.o(i.DMA_Configuration) for DMA_Configuration
    main.o(i.TaskInit) refers to usart.o(i.USART_Configuration) for USART_Configuration
    main.o(i.TaskInit) refers to flash.o(i.Read_Flash) for Read_Flash
    main.o(i.TaskInit) refers to lcd12864.o(i.LCD_Initial) for LCD_Initial
    main.o(i.TaskInit) refers to os_core.o(.text) for OSStatInit
    main.o(i.TaskInit) refers to os_task.o(.text) for OSTaskCreate
    main.o(i.TaskInit) refers to os_time.o(.text) for OSTimeDly
    main.o(i.TaskInit) refers to main.o(.bss) for TaskStkMain
    main.o(i.TaskInit) refers to interface.o(i.TaskMain) for TaskMain
    main.o(i.TaskInit) refers to main.o(i.TaskPUMP) for TaskPUMP
[...]
    GPIO_StructInit                          0x0800106d   Thumb Code    16  stm32f10x_gpio.o(.text)
    GPIO_ReadInputDataBit                    0x0800107d   Thumb Code    18  stm32f10x_gpio.o(.text)
    GPIO_ReadInputData                       0x0800108f   Thumb Code     8  stm32f10x_gpio.o(.text)
    GPIO_ReadOutputDataBit                   0x08001097   Thumb Code    18  stm32f10x_gpio.o(.text)
    GPIO_ReadOutputData                      0x080010a9   Thumb Code     8  stm32f10x_gpio.o(.text)
    GPIO_SetBits                             0x080010b1   Thumb Code     4  stm32f10x_gpio.o(.text)
    GPIO_ResetBits                           0x080010b5   Thumb Code     4  stm32f10x_gpio.o(.text)
    GPIO_WriteBit                            0x080010b9   Thumb Code    10  stm32f10x_gpio.o(.text)
    GPIO_Write                               0x080010c3   Thumb Code     4  stm32f10x_gpio.o(.text)
    GPIO_PinLockConfig                       0x080010c7   Thumb Code    18  stm32f10x_gpio.o(.text)
    GPIO_EventOutputConfig                   0x080010d9   Thumb Code    24  stm32f10x_gpio.o(.text)
    GPIO_EventOutputCmd                      0x080010f1   Thumb Code     6  stm32f10x_gpio.o(.text)
    GPIO_PinRemapConfig                      0x080010f7   Thumb Code   136  stm32f10x_gpio.o(.text)
    GPIO_EXTILineConfig                      0x0800117f   Thumb Code    60  stm32f10x_gpio.o(.text)
    GPIO_ETH_MediaInterfaceConfig            0x080011bb   Thumb Code     8  stm32f10x_gpio.o(.text)
    RCC_DeInit                               0x080011e9   Thumb Code    64  stm32f10x_rcc.o(.text)
    RCC_HSEConfig                            0x08001229   Thumb Code    70  stm32f10x_rcc.o(.text)
    RCC_GetFlagStatus                        0x0800126f   Thumb Code    56  stm32f10x_rcc.o(.text)
    RCC_WaitForHSEStartUp                    0x080012a7   Thumb Code    48  stm32f10x_rcc.o(.text)
    RCC_AdjustHSICalibrationValue            0x080012d7   Thumb Code    18  stm32f10x_rcc.o(.text)
    RCC_HSICmd                               0x080012e9   Thumb Code     6  stm32f10x_rcc.o(.text)
    RCC_PLLConfig                            0x080012ef   Thumb Code    22  stm32f10x_rcc.o(.text)
    RCC_PLLCmd                               0x08001305   Thumb Code     6  stm32f10x_rcc.o(.text)
    RCC_SYSCLKConfig                         0x0800130b   Thumb Code    16  stm32f10x_rcc.o(.text)
    RCC_GetSYSCLKSource                      0x0800131b   Thumb Code    10  stm32f10x_rcc.o(.text)
    RCC_HCLKConfig                           0x08001325   Thumb Code    16  stm32f10x_rcc.o(.text)
    RCC_PCLK1Config                          0x08001335   Thumb Code    16  stm32f10x_rcc.o(.text)
    RCC_PCLK2Config                          0x08001345   Thumb Code    18  stm32f10x_rcc.o(.text)
    RCC_ITConfig                             0x08001357   Thumb Code    30  stm32f10x_rcc.o(.text)
    RCC_USBCLKConfig                         0x08001375   Thumb Code     8  stm32f10x_rcc.o(.text)
    RCC_ADCCLKConfig                         0x0800137d   Thumb Code    16  stm32f10x_rcc.o(.text)
    RCC_LSEConfig                            0x0800138d   Thumb Code    50  stm32f10x_rcc.o(.text)
    RCC_LSICmd                               0x080013bf   Thumb Code     6  stm32f10x_rcc.o(.text)
    RCC_RTCCLKConfig                         0x080013c5   Thumb Code    12  stm32f10x_rcc.o(.text)
    RCC_RTCCLKCmd                            0x080013d1   Thumb Code     8  stm32f10x_rcc.o(.text)
    RCC_GetClocksFreq                        0x080013d9   Thumb Code   194  stm32f10x_rcc.o(.text)
    RCC_AHBPeriphClockCmd                    0x0800149b   Thumb Code    26  stm32f10x_rcc.o(.text)
    RCC_APB2PeriphClockCmd                   0x080014b5   Thumb Code    26  stm32f10x_rcc.o(.text)
    RCC_APB1PeriphClockCmd                   0x080014cf   Thumb Code    26  stm32f10x_rcc.o(.text)
    RCC_APB2PeriphResetCmd                   0x080014e9   Thumb Code    26  stm32f10x_rcc.o(.text)
    RCC_APB1PeriphResetCmd                   0x08001503   Thumb Code    26  stm32f10x_rcc.o(.text)
    RCC_BackupResetCmd                       0x0800151d   Thumb Code     8  stm32f10x_rcc.o(.text)
    RCC_ClockSecuritySystemCmd               0x08001525   Thumb Code     6  stm32f10x_rcc.o(.text)
    RCC_MCOConfig                            0x0800152b   Thumb Code     6  stm32f10x_rcc.o(.text)
    RCC_ClearFlag                            0x08001531   Thumb Code    14  stm32f10x_rcc.o(.text)
    RCC_GetITStatus                          0x0800153f   Thumb Code    20  stm32f10x_rcc.o(.text)
    RCC_ClearITPendingBit                    0x08001553   Thumb Code     6  stm32f10x_rcc.o(.text)
    TIM_DeInit                               0x08001579   Thumb Code   424  stm32f10x_tim.o(.text)
    TIM_TimeBaseInit                         0x08001721   Thumb Code   122  stm32f10x_tim.o(.text)
    TIM_OC1Init                              0x0800179b   Thumb Code   132  stm32f10x_tim.o(.text)
    TIM_OC2Init                              0x0800181f   Thumb Code   146  stm32f10x_tim.o(.text)
    TIM_OC3Init                              0x080018b1   Thumb Code   142  stm32f10x_tim.o(.text)
    TIM_OC4Init                              0x0800193f   Thumb Code   172  stm32f10x_tim.o(.text)
    TIM_SetIC4Prescaler                      0x080019eb   Thumb Code    22  stm32f10x_tim.o(.text)
    TIM_SetIC3Prescaler                      0x08001a73   Thumb Code    18  stm32f10x_tim.o(.text)
    TIM_SetIC2Prescaler                      0x08001af3   Thumb Code    22  stm32f10x_tim.o(.text)
    TIM_SetIC1Prescaler                      0x08001b7b   Thumb Code    18  stm32f10x_tim.o(.text)
    TIM_ICInit                               0x08001bf3   Thumb Code   150  stm32f10x_tim.o(.text)
    TIM_PWMIConfig                           0x08001c89   Thumb Code   124  stm32f10x_tim.o(.text)
    TIM_BDTRConfig                           0x08001d05   Thumb Code    32  stm32f10x_tim.o(.text)
    TIM_TimeBaseStructInit                   0x08001d25   Thumb Code    18  stm32f10x_tim.o(.text)
    TIM_OCStructInit                         0x08001d37   Thumb Code    20  stm32f10x_tim.o(.text)
    TIM_ICStructInit                         0x08001d4b   Thumb Code    18  stm32f10x_tim.o(.text)
    TIM_BDTRStructInit                       0x08001d5d   Thumb Code    18  stm32f10x_tim.o(.text)
    TIM_Cmd                                  0x08001d6f   Thumb Code    24  stm32f10x_tim.o(.text)
    TIM_CtrlPWMOutputs                       0x08001d87   Thumb Code    50  stm32f10x_tim.o(.text)
    TIM_ITConfig                             0x08001db9   Thumb Code    24  stm32f10x_tim.o(.text)
    TIM_GenerateEvent                        0x08001dd1   Thumb Code     4  stm32f10x_tim.o(.text)
    TIM_DMAConfig                            0x08001dd5   Thumb Code    10  stm32f10x_tim.o(.text)
    TIM_DMACmd                               0x08001ddf   Thumb Code    24  stm32f10x_tim.o(.text)
    TIM_InternalClockConfig                  0x08001df7   Thumb Code    12  stm32f10x_tim.o(.text)
    TIM_SelectInputTrigger                   0x08001e03   Thumb Code    16  stm32f10x_tim.o(.text)
    TIM_ITRxExternalClockConfig              0x08001e13   Thumb Code    24  stm32f10x_tim.o(.text)
    TIM_TIxExternalClockConfig               0x08001e2b   Thumb Code    62  stm32f10x_tim.o(.text)
    TIM_ETRConfig                            0x08001e69   Thumb Code    22  stm32f10x_tim.o(.text)
    TIM_ETRClockMode1Config                  0x08001e7f   Thumb Code    54  stm32f10x_tim.o(.text)
    TIM_ETRClockMode2Config                  0x08001eb5   Thumb Code    32  stm32f10x_tim.o(.text)
    TIM_PrescalerConfig                      0x08001ed5   Thumb Code     6  stm32f10x_tim.o(.text)
    TIM_CounterModeConfig                    0x08001edb   Thumb Code    16  stm32f10x_tim.o(.text)
    TIM_EncoderInterfaceConfig               0x08001eeb   Thumb Code    56  stm32f10x_tim.o(.text)
    TIM_ForcedOC1Config                      0x08001f23   Thumb Code    16  stm32f10x_tim.o(.text)
    TIM_ForcedOC2Config                      0x08001f33   Thumb Code    20  stm32f10x_tim.o(.text)
    TIM_ForcedOC3Config                      0x08001f47   Thumb Code    16  stm32f10x_tim.o(.text)
    TIM_ForcedOC4Config                      0x08001f57   Thumb Code    20  stm32f10x_tim.o(.text)
    TIM_ARRPreloadConfig                     0x08001f6b   Thumb Code    24  stm32f10x_tim.o(.text)
    TIM_SelectCOM                            0x08001f83   Thumb Code    24  stm32f10x_tim.o(.text)
    TIM_SelectCCDMA                          0x08001f9b   Thumb Code    24  stm32f10x_tim.o(.text)
    TIM_CCPreloadControl                     0x08001fb3   Thumb Code    24  stm32f10x_tim.o(.text)
    TIM_OC1PreloadConfig                     0x08001fcb   Thumb Code    16  stm32f10x_tim.o(.text)
    TIM_OC2PreloadConfig                     0x08001fdb   Thumb Code    20  stm32f10x_tim.o(.text)
    TIM_OC3PreloadConfig                     0x08001fef   Thumb Code    16  stm32f10x_tim.o(.text)
    TIM_OC4PreloadConfig                     0x08001fff   Thumb Code    20  stm32f10x_tim.o(.text)
    TIM_OC1FastConfig                        0x08002013   Thumb Code    16  stm32f10x_tim.o(.text)
    TIM_OC2FastConfig                        0x08002023   Thumb Code    20  stm32f10x_tim.o(.text)
    TIM_OC3FastConfig                        0x08002037   Thumb Code    16  stm32f10x_tim.o(.text)
    TIM_OC4FastConfig                        0x08002047   Thumb Code    20  stm32f10x_tim.o(.text)
    TIM_ClearOC1Ref                          0x0800205b   Thumb Code    16  stm32f10x_tim.o(.text)
    TIM_ClearOC2Ref                          0x0800206b   Thumb Code    18  stm32f10x_tim.o(.text)
    TIM_ClearOC3Ref                          0x0800207d   Thumb Code    16  stm32f10x_tim.o(.text)
    TIM_ClearOC4Ref                          0x0800208d   Thumb Code    18  stm32f10x_tim.o(.text)
    TIM_OC1PolarityConfig                    0x0800209f   Thumb Code    16  stm32f10x_tim.o(.text)
    TIM_OC1NPolarityConfig                   0x080020af   Thumb Code    16  stm32f10x_tim.o(.text)
    TIM_OC2PolarityConfig                    0x080020bf   Thumb Code    20  stm32f10x_tim.o(.text)
    TIM_OC2NPolarityConfig                   0x080020d3   Thumb Code    20  stm32f10x_tim.o(.text)
    TIM_OC3PolarityConfig                    0x080020e7   Thumb Code    20  stm32f10x_tim.o(.text)
    TIM_OC3NPolarityConfig                   0x080020fb   Thumb Code    20  stm32f10x_tim.o(.text)
    TIM_OC4PolarityConfig                    0x0800210f   Thumb Code    20  stm32f10x_tim.o(.text)
    TIM_CCxCmd                               0x08002123   Thumb Code    34  stm32f10x_tim.o(.text)
    TIM_CCxNCmd                              0x08002145   Thumb Code    34  stm32f10x_tim.o(.text)
    TIM_SelectOCxM                           0x08002167   Thumb Code    82  stm32f10x_tim.o(.text)
    TIM_UpdateDisableConfig                  0x080021b9   Thumb Code    24  stm32f10x_tim.o(.text)
    TIM_UpdateRequestConfig                  0x080021d1   Thumb Code    24  stm32f10x_tim.o(.text)
    TIM_SelectHallSensor                     0x080021e9   Thumb Code    24  stm32f10x_tim.o(.text)
    TIM_SelectOnePulseMode                   0x08002201   Thumb Code    18  stm32f10x_tim.o(.text)
    TIM_SelectOutputTrigger                  0x08002213   Thumb Code    18  stm32f10x_tim.o(.text)
    TIM_SelectSlaveMode                      0x08002225   Thumb Code    18  stm32f10x_tim.o(.text)
    TIM_SelectMasterSlaveMode                0x08002237   Thumb Code    18  stm32f10x_tim.o(.text)
    TIM_SetCounter                           0x08002249   Thumb Code     4  stm32f10x_tim.o(.text)
    TIM_SetAutoreload                        0x0800224d   Thumb Code     4  stm32f10x_tim.o(.text)
    TIM_SetCompare1                          0x08002251   Thumb Code     4  stm32f10x_tim.o(.text)
    TIM_SetCompare2                          0x08002255   Thumb Code     4  stm32f10x_tim.o(.text)
    TIM_SetCompare3                          0x08002259   Thumb Code     4  stm32f10x_tim.o(.text)
    TIM_SetCompare4                          0x0800225d   Thumb Code     6  stm32f10x_tim.o(.text)
    TIM_SetClockDivision                     0x08002263   Thumb Code    18  stm32f10x_tim.o(.text)
    TIM_GetCapture1                          0x08002275   Thumb Code     6  stm32f10x_tim.o(.text)
    TIM_GetCapture2                          0x0800227b   Thumb Code     6  stm32f10x_tim.o(.text)
    TIM_GetCapture3                          0x08002281   Thumb Code     6  stm32f10x_tim.o(.text)
    TIM_GetCapture4                          0x08002287   Thumb Code     8  stm32f10x_tim.o(.text)
    TIM_GetCounter                           0x0800228f   Thumb Code     6  stm32f10x_tim.o(.text)
    TIM_GetPrescaler                         0x08002295   Thumb Code     6  stm32f10x_tim.o(.text)
    TIM_GetFlagStatus                        0x0800229b   Thumb Code    18  stm32f10x_tim.o(.text)
    TIM_ClearFlag                            0x080022ad   Thumb Code     6  stm32f10x_tim.o(.text)
    TIM_GetITStatus                          0x080022b3   Thumb Code    34  stm32f10x_tim.o(.text)
    TIM_ClearITPendingBit                    0x080022d5   Thumb Code     6  stm32f10x_tim.o(.text)
    USART_DeInit                             0x080022dd   Thumb Code   134  stm32f10x_usart.o(.text)
    USART_Init                               0x08002363   Thumb Code   210  stm32f10x_usart.o(.text)
    USART_StructInit                         0x08002435   Thumb Code    24  stm32f10x_usart.o(.text)
    USART_ClockInit                          0x0800244d   Thumb Code    32  stm32f10x_usart.o(.text)
    USART_ClockStructInit                    0x0800246d   Thumb Code    12  stm32f10x_usart.o(.text)
    USART_Cmd                                0x08002479   Thumb Code    24  stm32f10x_usart.o(.text)
    USART_ITConfig                           0x08002491   Thumb Code    72  stm32f10x_usart.o(.text)
    USART_DMACmd                             0x080024d9   Thumb Code    24  stm32f10x_usart.o(.text)
    USART_SetAddress                         0x080024f1   Thumb Code    18  stm32f10x_usart.o(.text)
    USART_WakeUpConfig                       0x08002503   Thumb Code    18  stm32f10x_usart.o(.text)
    USART_ReceiverWakeUpCmd                  0x08002515   Thumb Code    24  stm32f10x_usart.o(.text)
    USART_LINBreakDetectLengthConfig         0x0800252d   Thumb Code    18  stm32f10x_usart.o(.text)
    USART_LINCmd                             0x0800253f   Thumb Code    24  stm32f10x_usart.o(.text)
    USART_SendData                           0x08002557   Thumb Code     8  stm32f10x_usart.o(.text)
    USART_ReceiveData                        0x0800255f   Thumb Code    10  stm32f10x_usart.o(.text)
    USART_SendBreak                          0x08002569   Thumb Code    10  stm32f10x_usart.o(.text)
    USART_SetGuardTime                       0x08002573   Thumb Code    16  stm32f10x_usart.o(.text)
    USART_SetPrescaler                       0x08002583   Thumb Code    16  stm32f10x_usart.o(.text)
    USART_SmartCardCmd                       0x08002593   Thumb Code    24  stm32f10x_usart.o(.text)
    USART_SmartCardNACKCmd                   0x080025ab   Thumb Code    24  stm32f10x_usart.o(.text)
    USART_HalfDuplexCmd                      0x080025c3   Thumb Code    24  stm32f10x_usart.o(.text)
    USART_OverSampling8Cmd                   0x080025db   Thumb Code    22  stm32f10x_usart.o(.text)
    USART_OneBitMethodCmd                    0x080025f1   Thumb Code    24  stm32f10x_usart.o(.text)
    USART_IrDAConfig                         0x08002609   Thumb Code    18  stm32f10x_usart.o(.text)
    USART_IrDACmd                            0x0800261b   Thumb Code    24  stm32f10x_usart.o(.text)
    USART_GetFlagStatus                      0x08002633   Thumb Code    26  stm32f10x_usart.o(.text)
    USART_ClearFlag                          0x0800264d   Thumb Code    18  stm32f10x_usart.o(.text)
    USART_GetITStatus                        0x0800265f   Thumb Code    84  stm32f10x_usart.o(.text)
    USART_ClearITPendingBit                  0x080026b3   Thumb Code    50  stm32f10x_usart.o(.text)
    OS_CPU_SR_Save                           0x080026e5   Thumb Code     0  os_cpu_a.o(.text)
    OS_CPU_SR_Restore                        0x080026ed   Thumb Code     0  os_cpu_a.o(.text)
    OSStartHighRdy                           0x080026f3   Thumb Code     0  os_cpu_a.o(.text)
    OSCtxSw                                  0x08002713   Thumb Code     0  os_cpu_a.o(.text)
    OSIntCtxSw                               0x0800271d   Thumb Code     0  os_cpu_a.o(.text)
    PendSV_Handler                           0x08002727   Thumb Code     0  os_cpu_a.o(.text)
    OS_StrLen                                0x08002789   Thumb Code    20  os_core.o(.text)
    OSEventNameGet                           0x0800279d   Thumb Code   118  os_core.o(.text)
    OSEventNameSet                           0x08002813   Thumb Code   100  os_core.o(.text)
    OS_EventTaskRemoveMulti                  0x08002877   Thumb Code    58  os_core.o(.text)
    OS_Sched                                 0x080028cb   Thumb Code    88  os_core.o(.text)
    OS_EventTaskWaitMulti                    0x08002923   Thumb Code   136  os_core.o(.text)
    OSEventPendMulti                         0x080029ab   Thumb Code   760  os_core.o(.text)
    OS_TaskStatStkChk                        0x08002ca3   Thumb Code    54  os_core.o(.text)
    OS_TaskStat                              0x08002cd9   Thumb Code   116  os_core.o(.text)
    OS_TaskIdle                              0x08002d83   Thumb Code    34  os_core.o(.text)
    OS_MemClr                                0x08002ddb   Thumb Code    18  os_core.o(.text)
    OSInit                                   0x08002f03   Thumb Code    56  os_core.o(.text)
    OSIntEnter                               0x08002f3b   Thumb Code    28  os_core.o(.text)
    OSIntExit                                0x08002f57   Thumb Code   252  os_core.o(.text)
    OSSchedLock                              0x08003053   Thumb Code    50  os_core.o(.text)
    OSSchedUnlock                            0x08003085   Thumb Code    82  os_core.o(.text)
    OSStart                                  0x080030d7   Thumb Code    48  os_core.o(.text)
    OSStatInit                               0x08003107   Thumb Code    62  os_core.o(.text)
    OSTimeTick                               0x08003145   Thumb Code   210  os_core.o(.text)
    OSVersion                                0x08003217   Thumb Code     6  os_core.o(.text)
    OS_Dummy                                 0x0800321d   Thumb Code     2  os_core.o(.text)
    OS_EventTaskRemove                       0x0800321f   Thumb Code    42  os_core.o(.text)
    OS_EventTaskRdy                          0x08003249   Thumb Code   128  os_core.o(.text)
    OS_EventTaskWait                         0x080032c9   Thumb Code   112  os_core.o(.text)
    OS_EventWaitListInit                     0x08003339   Thumb Code    28  os_core.o(.text)
    OS_MemCopy                               0x08003355   Thumb Code    20  os_core.o(.text)
    OS_TCBInit                               0x08003369   Thumb Code   358  os_core.o(.text)
    OSMboxAccept                             0x080034dd   Thumb Code    44  os_mbox.o(.text)
    OSMboxCreate                             0x08003509   Thumb Code    72  os_mbox.o(.text)
    OSMboxDel                                0x08003551   Thumb Code   220  os_mbox.o(.text)
    OSMboxPend                               0x0800362d   Thumb Code   262  os_mbox.o(.text)
    OSMboxPendAbort                          0x08003733   Thumb Code   138  os_mbox.o(.text)
    OSMboxPost                               0x080037bd   Thumb Code    92  os_mbox.o(.text)
    OSMboxPostOpt                            0x08003819   Thumb Code   132  os_mbox.o(.text)
    OSMboxQuery                              0x0800389d   Thumb Code   108  os_mbox.o(.text)
    OSTaskChangePrio                         0x08003909   Thumb Code   418  os_task.o(.text)
    OSTaskCreate                             0x08003aab   Thumb Code   156  os_task.o(.text)
    OS_TaskStkClr                            0x08003b47   Thumb Code    26  os_task.o(.text)
    OSTaskCreateExt                          0x08003b61   Thumb Code   178  os_task.o(.text)
    OSTaskDel                                0x08003c13   Thumb Code   354  os_task.o(.text)
    OSTaskDelReq                             0x08003d75   Thumb Code   112  os_task.o(.text)
    OSTaskNameGet                            0x08003de5   Thumb Code   140  os_task.o(.text)
    OSTaskNameSet                            0x08003e71   Thumb Code   120  os_task.o(.text)
    OSTaskResume                             0x08003ee9   Thumb Code   162  os_task.o(.text)
    OSTaskStkChk                             0x08003f8b   Thumb Code   150  os_task.o(.text)
    OSTaskSuspend                            0x08004021   Thumb Code   172  os_task.o(.text)
    OSTaskQuery                              0x080040cd   Thumb Code   132  os_task.o(.text)
    OSTaskRegGet                             0x08004151   Thumb Code    86  os_task.o(.text)
    OSTaskRegSet                             0x080041a7   Thumb Code    84  os_task.o(.text)
    OS_TaskReturn                            0x080041fb   Thumb Code    18  os_task.o(.text)
    OSTimeDly                                0x08004215   Thumb Code   100  os_time.o(.text)
    OSTimeDlyHMSM                            0x08004279   Thumb Code   124  os_time.o(.text)
    OSTimeDlyResume                          0x080042f5   Thumb Code   168  os_time.o(.text)
    OSTimeGet                                0x0800439d   Thumb Code    24  os_time.o(.text)
    OSTimeSet                                0x080043b5   Thumb Code    24  os_time.o(.text)
    OSInitHookBegin                          0x080043e9   Thumb Code     8  os_cpu_c.o(.text)
    OSInitHookEnd                            0x080043f1   Thumb Code     2  os_cpu_c.o(.text)
    OSTaskCreateHook                         0x080043f3   Thumb Code    12  os_cpu_c.o(.text)
    OSTaskDelHook                            0x080043ff   Thumb Code    12  os_cpu_c.o(.text)
    OSTaskIdleHook                           0x0800440b   Thumb Code     8  os_cpu_c.o(.text)
    OSTaskStatHook                           0x08004413   Thumb Code     8  os_cpu_c.o(.text)
    OSTaskStkInit                            0x0800441b   Thumb Code   154  os_cpu_c.o(.text)
    OSTaskSwHook                             0x080044b5   Thumb Code     8  os_cpu_c.o(.text)
    OSTCBInitHook                            0x080044bd   Thumb Code    12  os_cpu_c.o(.text)
    OSTimeTickHook                           0x080044c9   Thumb Code    34  os_cpu_c.o(.text)
    OS_CPU_SysTickHandler                    0x080044eb   Thumb Code    34  os_cpu_c.o(.text)
    OSDebugInit                              0x08004515   Thumb Code   118  os_dbg.o(.text)
    OSFlagAccept                             0x08004671   Thumb Code   262  os_flag.o(.text)
    OSFlagCreate                             0x08004777   Thumb Code    86  os_flag.o(.text)
    OS_FlagUnlink                            0x080047cd   Thumb Code    36  os_flag.o(.text)
    OSFlagDel                                0x08004843   Thumb Code   224  os_flag.o(.text)
    OSFlagNameGet                            0x08004923   Thumb Code   100  os_flag.o(.text)
    OSFlagNameSet                            0x08004987   Thumb Code    82  os_flag.o(.text)
    OSFlagPend                               0x08004a71   Thumb Code   626  os_flag.o(.text)
    OSFlagPendGetFlagsRdy                    0x08004ce3   Thumb Code    26  os_flag.o(.text)
    OSFlagPost                               0x08004cfd   Thumb Code   322  os_flag.o(.text)
    OSFlagQuery                              0x08004e3f   Thumb Code    58  os_flag.o(.text)
    OS_FlagInit                              0x08004e79   Thumb Code    78  os_flag.o(.text)
    OSMemCreate                              0x08004ed5   Thumb Code   164  os_mem.o(.text)
    OSMemGet                                 0x08004f79   Thumb Code    72  os_mem.o(.text)
    OSMemNameGet                             0x08004fc1   Thumb Code    80  os_mem.o(.text)
    OSMemNameSet                             0x08005011   Thumb Code    64  os_mem.o(.text)
    OSMemPut                                 0x08005051   Thumb Code    66  os_mem.o(.text)
    OSMemQuery                               0x08005093   Thumb Code    64  os_mem.o(.text)
    OS_MemInit                               0x080050d3   Thumb Code    74  os_mem.o(.text)
    OSQAccept                                0x0800512d   Thumb Code    98  os_q.o(.text)
    OSQCreate                                0x0800518f   Thumb Code   144  os_q.o(.text)
    OSQDel                                   0x0800521f   Thumb Code   254  os_q.o(.text)
    OSQFlush                                 0x0800531d   Thumb Code    52  os_q.o(.text)
    OSQPend                                  0x08005351   Thumb Code   288  os_q.o(.text)
    OSQPendAbort                             0x08005471   Thumb Code   138  os_q.o(.text)
    OSQPost                                  0x080054fb   Thumb Code   120  os_q.o(.text)
    OSQPostFront                             0x08005573   Thumb Code   146  os_q.o(.text)
    OSQPostOpt                               0x08005605   Thumb Code   188  os_q.o(.text)
    OSQQuery                                 0x080056c1   Thumb Code   110  os_q.o(.text)
    OS_QInit                                 0x0800572f   Thumb Code    72  os_q.o(.text)
    OSTmrCreate                              0x080057b3   Thumb Code   142  os_tmr.o(.text)
    OSTmrDel                                 0x080058b9   Thumb Code   134  os_tmr.o(.text)
    OSTmrNameGet                             0x0800593f   Thumb Code   134  os_tmr.o(.text)
    OSTmrRemainGet                           0x080059c5   Thumb Code   172  os_tmr.o(.text)
    OSTmrStateGet                            0x08005a71   Thumb Code    96  os_tmr.o(.text)
    OSTmrStart                               0x08005b35   Thumb Code   166  os_tmr.o(.text)
    OSTmrStop                                0x08005bdb   Thumb Code   190  os_tmr.o(.text)
    OSTmrSignal                              0x08005c99   Thumb Code    16  os_tmr.o(.text)
    OSTmr_Init                               0x08005d4f   Thumb Code   172  os_tmr.o(.text)
    OSTaskReturnHook                         0x08005e61   Thumb Code     2  os_apphooks.o(.text)
    App_TaskCreateHook                       0x08005e63   Thumb Code    12  os_apphooks.o(.text)
    App_TaskDelHook                          0x08005e6f   Thumb Code     2  os_apphooks.o(.text)
    App_TaskIdleHook                         0x08005e71   Thumb Code     2  os_apphooks.o(.text)
    App_TaskReturnHook                       0x08005e73   Thumb Code     2  os_apphooks.o(.text)
    App_TaskStatHook                         0x08005e75   Thumb Code     2  os_apphooks.o(.text)
    App_TaskSwHook                           0x08005e77   Thumb Code     8  os_apphooks.o(.text)
    App_TCBInitHook                          0x08005e7f   Thumb Code     2  os_apphooks.o(.text)
    App_TimeTickHook                         0x08005e81   Thumb Code     8  os_apphooks.o(.text)
    OSSemAccept                              0x08005e89   Thumb Code    48  os_sem.o(.text)
    OSSemCreate                              0x08005eb9   Thumb Code    72  os_sem.o(.text)
    OSSemDel                                 0x08005f01   Thumb Code   220  os_sem.o(.text)
    OSSemPend                                0x08005fdd   Thumb Code   236  os_sem.o(.text)
    OSSemPendAbort                           0x080060c9   Thumb Code   138  os_sem.o(.text)
    OSSemPost                                0x08006153   Thumb Code    94  os_sem.o(.text)
    OSSemQuery                               0x080061b1   Thumb Code    88  os_sem.o(.text)
    OSSemSet                                 0x08006209   Thumb Code    74  os_sem.o(.text)
    OSView_TerminalRxSetCallback             0x08006269   Thumb Code     6  os_view.o(.text)
    OSView_Init                              0x0800626f   Thumb Code    52  os_view.o(.text)
    OSView_TimeGetCycles                     0x080062a3   Thumb Code    56  os_view.o(.text)
    OSView_TaskCreateHook                    0x080062db   Thumb Code    16  os_view.o(.text)
    OSView_TaskSwHook                        0x080062eb   Thumb Code    38  os_view.o(.text)
    OSView_TickHook                          0x08006311   Thumb Code     8  os_view.o(.text)
    OSView_TxHandler                         0x08006781   Thumb Code   462  os_view.o(.text)
    OSView_RxHandler                         0x080069ab   Thumb Code   298  os_view.o(.text)
    OSView_TxStr                             0x08006ad5   Thumb Code   114  os_view.o(.text)
    OSView_TmrInit                           0x08006b55   Thumb Code     2  os_viewc.o(.text)
    OSView_TmrRd                             0x08006b57   Thumb Code     4  os_viewc.o(.text)
    OSView_Exit                              0x08006b5b   Thumb Code     2  os_viewc.o(.text)
    OSView_GetCPUName                        0x08006b5d   Thumb Code     2  os_viewc.o(.text)
    OSView_GetIntStkBase                     0x08006b5f   Thumb Code     4  os_viewc.o(.text)
    OSView_GetIntStkSize                     0x08006b63   Thumb Code     4  os_viewc.o(.text)
    OSView_InitTarget                        0x08006b67   Thumb Code     2  os_viewc.o(.text)
    OSView_RxIntDis                          0x08006b69   Thumb Code     2  os_viewc.o(.text)
    OSView_RxIntEn                           0x08006b6b   Thumb Code     2  os_viewc.o(.text)
    OSView_RxISRHandler                      0x08006b6d   Thumb Code     2  os_viewc.o(.text)
    OSView_RxTxISRHandler                    0x08006b6f   Thumb Code     2  os_viewc.o(.text)
    OSView_Tx1                               0x08006b71   Thumb Code     2  os_viewc.o(.text)
    OSView_TxIntDis                          0x08006b73   Thumb Code     2  os_viewc.o(.text)
    OSView_TxIntEn                           0x08006b75   Thumb Code     2  os_viewc.o(.text)
    __aeabi_memcpy                           0x08006b77   Thumb Code    36  memcpya.o(.text)
    __aeabi_memcpy4                          0x08006b77   Thumb Code     0  memcpya.o(.text)
    __aeabi_memcpy8                          0x08006b77   Thumb Code     0  memcpya.o(.text)
    __aeabi_memset                           0x08006b9b   Thumb Code    14  memseta.o(.text)
    __aeabi_memset4                          0x08006b9b   Thumb Code     0  memseta.o(.text)
    __aeabi_memset8                          0x08006b9b   Thumb Code     0  memseta.o(.text)
    __aeabi_memclr                           0x08006ba9   Thumb Code     4  memseta.o(.text)
    __aeabi_memclr4                          0x08006ba9   Thumb Code     0  memseta.o(.text)
    __aeabi_memclr8                          0x08006ba9   Thumb Code     0  memseta.o(.text)
    _memset$wrapper                          0x08006bad   Thumb Code    18  memseta.o(.text)
    strcpy                                   0x08006bbf   Thumb Code    18  strcpy.o(.text)
    atoi                                     0x08006bd1   Thumb Code    26  atoi.o(.text)
    __aeabi_fadd                             0x08006beb   Thumb Code   164  fadd.o(.text)
    __aeabi_fsub                             0x08006c8f   Thumb Code     6  fadd.o(.text)
    __aeabi_frsub                            0x08006c95   Thumb Code     6  fadd.o(.text)
    __aeabi_fmul                             0x08006c9b   Thumb Code   100  fmul.o(.text)
    __aeabi_fdiv                             0x08006cff   Thumb Code   124  fdiv.o(.text)
    __aeabi_dadd                             0x08006d7b   Thumb Code   322  dadd.o(.text)
    __aeabi_dsub                             0x08006ebd   Thumb Code     6  dadd.o(.text)
    __aeabi_drsub                            0x08006ec3   Thumb Code     6  dadd.o(.text)
    __aeabi_dmul                             0x08006ec9   Thumb Code   228  dmul.o(.text)
    __aeabi_ddiv                             0x08006fad   Thumb Code   222  ddiv.o(.text)
    __aeabi_i2f                              0x0800708b   Thumb Code    18  fflti.o(.text)
    __aeabi_ui2f                             0x0800709d   Thumb Code    10  ffltui.o(.text)
    __aeabi_i2d                              0x080070a7   Thumb Code    34  dflti.o(.text)
    __aeabi_ui2d                             0x080070c9   Thumb Code    26  dfltui.o(.text)
    __aeabi_f2iz                             0x080070e3   Thumb Code    50  ffixi.o(.text)
    __aeabi_f2uiz                            0x08007115   Thumb Code    40  ffixui.o(.text)
    __aeabi_d2iz                             0x0800713d   Thumb Code    62  dfixi.o(.text)
    __aeabi_d2uiz                            0x0800717b   Thumb Code    50  dfixui.o(.text)
    __aeabi_f2d                              0x080071ad   Thumb Code    38  f2d.o(.text)
    __aeabi_cdcmpeq                          0x080071d5   Thumb Code     0  cdcmple.o(.text)
    __aeabi_cdcmple                          0x080071d5   Thumb Code    48  cdcmple.o(.text)
    __aeabi_cdrcmple                         0x08007205   Thumb Code    48  cdrcmple.o(.text)
    __aeabi_d2f                              0x08007235   Thumb Code    56  d2f.o(.text)
    __aeabi_uidiv                            0x0800726d   Thumb Code     0  uidiv.o(.text)
    __aeabi_uidivmod                         0x0800726d   Thumb Code    44  uidiv.o(.text)
    __aeabi_llsl                             0x08007299   Thumb Code    30  llshl.o(.text)
    _ll_shift_l                              0x08007299   Thumb Code     0  llshl.o(.text)
    __aeabi_llsr                             0x080072b7   Thumb Code    32  llushr.o(.text)
    _ll_ushift_r                             0x080072b7   Thumb Code     0  llushr.o(.text)
    __aeabi_lasr                             0x080072d7   Thumb Code    36  llsshr.o(.text)
    _ll_sshift_r                             0x080072d7   Thumb Code     0  llsshr.o(.text)
    strtol                                   0x080072fb   Thumb Code   112  strtol.o(.text)
    __I$use$fp                               0x0800736b   Thumb Code     0  iusefp.o(.text)
    _float_round                             0x0800736b   Thumb Code    18  fepilogue.o(.text)
    _float_epilogue                          0x0800737d   Thumb Code    92  fepilogue.o(.text)
    _double_round                            0x080073d9   Thumb Code    30  depilogue.o(.text)
    _double_epilogue                         0x080073f7   Thumb Code   156  depilogue.o(.text)
    __scatterload                            0x08007495   Thumb Code    28  init.o(.text)
    __scatterload_rt2                        0x08007495   Thumb Code     0  init.o(.text)
    __rt_ctype_table                         0x080074b9   Thumb Code     4  ctype_o.o(.text)
    _strtoul                                 0x080074c1   Thumb Code   158  _strtoul.o(.text)
    __ARM_scalbn                             0x0800755f   Thumb Code    46  dscalb.o(.text)
    scalbn                                   0x0800755f   Thumb Code     0  dscalb.o(.text)
    _chval                                   0x0800758d   Thumb Code    28  _chval.o(.text)
    ADC_Configuration                        0x080075a9   Thumb Code   158  ad.o(i.ADC_Configuration)
    BusFault_Handler                         0x08007651   Thumb Code     4  stm32f10x_it.o(i.BusFault_Handler)
    CalCRC                                   0x08007655   Thumb Code    24  communication.o(i.CalCRC)
    Clear_Screen                             0x0800766d   Thumb Code    24  lcd12864.o(i.Clear_Screen)
    DMA_Configuration                        0x08007685   Thumb Code    86  ad.o(i.DMA_Configuration)
    DebugMon_Handler                         0x080076ed   Thumb Code     2  stm32f10x_it.o(i.DebugMon_Handler)
    EE                                       0x080076ef   Thumb Code    76  fft.o(i.EE)
    EXTI0_IRQHandler                         0x0800773b   Thumb Code     2  stm32f10x_it.o(i.EXTI0_IRQHandler)
    EXTI15_10_IRQHandler                     0x0800773d   Thumb Code     2  stm32f10x_it.o(i.EXTI15_10_IRQHandler)
    EXTI1_IRQHandler                         0x0800773f   Thumb Code     2  stm32f10x_it.o(i.EXTI1_IRQHandler)
    EXTI2_IRQHandler                         0x08007741   Thumb Code     2  stm32f10x_it.o(i.EXTI2_IRQHandler)
    EXTI3_IRQHandler                         0x08007743   Thumb Code     2  stm32f10x_it.o(i.EXTI3_IRQHandler)
    EXTI4_IRQHandler                         0x08007745   Thumb Code     2  stm32f10x_it.o(i.EXTI4_IRQHandler)
    EXTI9_5_IRQHandler                       0x08007747   Thumb Code     2  stm32f10x_it.o(i.EXTI9_5_IRQHandler)
    Erase_Flash                              0x08007749   Thumb Code    38  flash.o(i.Erase_Flash)
    FFT                                      0x08007771   Thumb Code   382  fft.o(i.FFT)
    FLASH_IRQHandler                         0x080078f9   Thumb Code     2  stm32f10x_it.o(i.FLASH_IRQHandler)
    GPIO_Configuration                       0x080078fd   Thumb Code   588  gpio.o(i.GPIO_Configuration)
    GetFlowPara                              0x08007b55   Thumb Code   398  pump.o(i.GetFlowPara)
    GetPressure                              0x08007ced   Thumb Code   478  pressure.o(i.GetPressure)
    HardFault_Handler                        0x08007f09   Thumb Code     2  stm32f10x_it.o(i.HardFault_Handler)
    I2C1_ER_IRQHandler                       0x08007f0b   Thumb Code     2  stm32f10x_it.o(i.I2C1_ER_IRQHandler)
    I2C1_EV_IRQHandler                       0x08007f0d   Thumb Code     2  stm32f10x_it.o(i.I2C1_EV_IRQHandler)
    I2C2_ER_IRQHandler                       0x08007f0f   Thumb Code     2  stm32f10x_it.o(i.I2C2_ER_IRQHandler)
    I2C2_EV_IRQHandler                       0x08007f11   Thumb Code     2  stm32f10x_it.o(i.I2C2_EV_IRQHandler)
    LCD_Initial                              0x08007f15   Thumb Code    72  lcd12864.o(i.LCD_Initial)
    LCD_delay                                0x08007f61   Thumb Code    14  lcd12864.o(i.LCD_delay)
    MemManage_Handler                        0x08007f6f   Thumb Code     4  stm32f10x_it.o(i.MemManage_Handler)
    NMI_Handler                              0x08007f73   Thumb Code     2  stm32f10x_it.o(i.NMI_Handler)
    NVIC_Configuration                       0x08007f75   Thumb Code   128  nvic.o(i.NVIC_Configuration)
    OSCreateEvent                            0x08007ff5   Thumb Code    24  main.o(i.OSCreateEvent)
    PID_Calc                                 0x08008015   Thumb Code   230  pid.o(i.PID_Calc)
    PID_Init                                 0x08008105   Thumb Code    72  pid.o(i.PID_Init)
    PVD_IRQHandler                           0x08008159   Thumb Code     2  stm32f10x_it.o(i.PVD_IRQHandler)
    PumpPuge                                 0x0800815d   Thumb Code   232  pump.o(i.PumpPuge)
    PumpSetFlow                              0x08008261   Thumb Code   142  pump.o(i.PumpSetFlow)
    PumpStart                                0x08008301   Thumb Code   322  pump.o(i.PumpStart)
    PumpStop                                 0x0800846d   Thumb Code   196  pump.o(i.PumpStop)
    RCC_Configuration                        0x08008549   Thumb Code   102  rcc.o(i.RCC_Configuration)
    RCC_IRQHandler                           0x080085c1   Thumb Code     2  stm32f10x_it.o(i.RCC_IRQHandler)
    RTCAlarm_IRQHandler                      0x080085c3   Thumb Code     2  stm32f10x_it.o(i.RTCAlarm_IRQHandler)
    RTC_IRQHandler                           0x080085c5   Thumb Code     2  stm32f10x_it.o(i.RTC_IRQHandler)
    ReadADValue                              0x080085c9   Thumb Code    12  pressure.o(i.ReadADValue)
    Read_Flash                               0x080085d9   Thumb Code   220  flash.o(i.Read_Flash)
    SPI1_IRQHandler                          0x080086e5   Thumb Code     2  stm32f10x_it.o(i.SPI1_IRQHandler)
    SPI2_IRQHandler                          0x080086e7   Thumb Code     2  stm32f10x_it.o(i.SPI2_IRQHandler)
    SVC_Handler                              0x080086e9   Thumb Code     2  stm32f10x_it.o(i.SVC_Handler)
    SetFlowPara                              0x080086ed   Thumb Code   216  pump.o(i.SetFlowPara)
    Set_Address                              0x080088b1   Thumb Code    74  lcd12864.o(i.Set_Address)
    Set_Reverse_Type                         0x080088fb   Thumb Code    16  lcd12864.o(i.Set_Reverse_Type)
    ShowStr                                  0x0800890b   Thumb Code    56  lcd12864.o(i.ShowStr)
    SysTick_Handler                          0x08008945   Thumb Code    58  stm32f10x_it.o(i.SysTick_Handler)
    SystemInit                               0x0800898d   Thumb Code    78  system_stm32f10x.o(i.SystemInit)
    TAMPER_IRQHandler                        0x080089ed   Thumb Code     2  stm32f10x_it.o(i.TAMPER_IRQHandler)
    TIM1_BRK_IRQHandler                      0x080089ef   Thumb Code     2  stm32f10x_it.o(i.TIM1_BRK_IRQHandler)
    TIM1_CC_IRQHandler                       0x080089f1   Thumb Code     2  stm32f10x_it.o(i.TIM1_CC_IRQHandler)
    TIM1_TRG_COM_IRQHandler                  0x080089f3   Thumb Code     2  stm32f10x_it.o(i.TIM1_TRG_COM_IRQHandler)
    TIM1_UP_IRQHandler                       0x080089f5   Thumb Code     2  stm32f10x_it.o(i.TIM1_UP_IRQHandler)
    TIM2_IRQHandler                          0x080089f9   Thumb Code   192  stm32f10x_it.o(i.TIM2_IRQHandler)
    TIM3_IRQHandler                          0x08008acd   Thumb Code  1258  stm32f10x_it.o(i.TIM3_IRQHandler)
    TIM4_IRQHandler                          0x08008fcd   Thumb Code   148  stm32f10x_it.o(i.TIM4_IRQHandler)
    TIM_Configuration                        0x08009071   Thumb Code   232  tim.o(i.TIM_Configuration)
    TaskBZ                                   0x08009161   Thumb Code    58  main.o(i.TaskBZ)
    TaskInit                                 0x080091a1   Thumb Code   124  main.o(i.TaskInit)
    TaskKey                                  0x08009241   Thumb Code  1080  main.o(i.TaskKey)
    TaskMain                                 0x08009681   Thumb Code  3180  interface.o(i.TaskMain)
    TaskPC                                   0x0800a309   Thumb Code  1164  communication.o(i.TaskPC)
    TaskPUMP                                 0x0800a799   Thumb Code    12  main.o(i.TaskPUMP)
    UART4_IRQHandler                         0x0800a7a5   Thumb Code    54  stm32f10x_it.o(i.UART4_IRQHandler)
    USART1_IRQHandler                        0x0800a7e1   Thumb Code    54  stm32f10x_it.o(i.USART1_IRQHandler)
    USART2_IRQHandler                        0x0800a81d   Thumb Code   140  stm32f10x_it.o(i.USART2_IRQHandler)
    USART2_Putc                              0x0800a8b5   Thumb Code    28  usart.o(i.USART2_Putc)
    USART2_Puts                              0x0800a8d5   Thumb Code    38  usart.o(i.USART2_Puts)
    USART3_IRQHandler                        0x0800a901   Thumb Code    54  stm32f10x_it.o(i.USART3_IRQHandler)
    USART_Configuration                      0x0800a93d   Thumb Code   152  usart.o(i.USART_Configuration)
    USBWakeUp_IRQHandler                     0x0800a9dd   Thumb Code     2  stm32f10x_it.o(i.USBWakeUp_IRQHandler)
    UsageFault_Handler                       0x0800a9df   Thumb Code     4  stm32f10x_it.o(i.UsageFault_Handler)
    WWDG_IRQHandler                          0x0800a9e3   Thumb Code     2  stm32f10x_it.o(i.WWDG_IRQHandler)
    Wait_for_Transmit                        0x0800a9e5   Thumb Code   250  lcd12864.o(i.Wait_for_Transmit)
    Write16bit_Flash                         0x0800aaed   Thumb Code    36  flash.o(i.Write16bit_Flash)
    Write_Cmd                                0x0800ab11   Thumb Code   272  lcd12864.o(i.Write_Cmd)
    Write_Data                               0x0800ac2d   Thumb Code   272  lcd12864.o(i.Write_Data)
    Write_Flash                              0x0800ad49   Thumb Code   342  flash.o(i.Write_Flash)
    __0sprintf$6                             0x0800aed1   Thumb Code    34  printf6.o(i.__0sprintf$6)
    __1sprintf$6                             0x0800aed1   Thumb Code     0  printf6.o(i.__0sprintf$6)
    __2sprintf                               0x0800aed1   Thumb Code     0  printf6.o(i.__0sprintf$6)
    __ARM_fpclassify                         0x0800aef9   Thumb Code    40  fpclassify.o(i.__ARM_fpclassify)
    __aeabi_errno_addr                       0x0800af21   Thumb Code     4  errno.o(i.__aeabi_errno_addr)
    __rt_errno_addr                          0x0800af21   Thumb Code     0  errno.o(i.__aeabi_errno_addr)
    __ieee754_rem_pio2                       0x0800af29   Thumb Code   828  rred.o(i.__ieee754_rem_pio2)
    __kernel_cos                             0x0800b2b1   Thumb Code   230  cos_i.o(i.__kernel_cos)
    __kernel_poly                            0x0800b3ad   Thumb Code   170  poly.o(i.__kernel_poly)
    __kernel_sin                             0x0800b459   Thumb Code   224  sin_i.o(i.__kernel_sin)
    __mathlib_dbl_infnan                     0x0800b545   Thumb Code     6  dunder.o(i.__mathlib_dbl_infnan)
    __mathlib_dbl_invalid                    0x0800b54b   Thumb Code    12  dunder.o(i.__mathlib_dbl_invalid)
    __mathlib_dbl_underflow                  0x0800b559   Thumb Code    10  dunder.o(i.__mathlib_dbl_underflow)
    __scatterload_copy                       0x0800b569   Thumb Code    14  handlers.o(i.__scatterload_copy)
    __scatterload_null                       0x0800b577   Thumb Code     2  handlers.o(i.__scatterload_null)
    __scatterload_zeroinit                   0x0800b579   Thumb Code    14  handlers.o(i.__scatterload_zeroinit)
    __set_errno                              0x0800b589   Thumb Code     6  errno.o(i.__set_errno)
    cos                                      0x0800b8e1   Thumb Code   148  cos.o(i.cos)
    getFFT                                   0x0800b97d   Thumb Code    78  fft.o(i.getFFT)
    main                                     0x0800b9d1   Thumb Code    30  main.o(i.main)
    sin                                      0x0800b9f9   Thumb Code   150  sin.o(i.sin)
    PUMP_FlowPara                            0x0800ba98   Data          40  pump.o(.constdata)
    OSUnMapTbl                               0x0800bac0   Data         256  os_core.o(.constdata)
    OSDebugEn                                0x0800bbc0   Data           2  os_dbg.o(.constdata)
    OSEndiannessTest                         0x0800bbc4   Data           4  os_dbg.o(.constdata)
    OSEventEn                                0x0800bbc8   Data           2  os_dbg.o(.constdata)
    OSEventMax                               0x0800bbca   Data           2  os_dbg.o(.constdata)
    OSEventNameEn                            0x0800bbcc   Data           2  os_dbg.o(.constdata)
    OSEventSize                              0x0800bbce   Data           2  os_dbg.o(.constdata)
    OSEventTblSize                           0x0800bbd0   Data           2  os_dbg.o(.constdata)
    OSEventMultiEn                           0x0800bbd2   Data           2  os_dbg.o(.constdata)
    OSFlagEn                                 0x0800bbd4   Data           2  os_dbg.o(.constdata)
    OSFlagGrpSize                            0x0800bbd6   Data           2  os_dbg.o(.constdata)
    OSFlagNodeSize                           0x0800bbd8   Data           2  os_dbg.o(.constdata)
    OSFlagWidth                              0x0800bbda   Data           2  os_dbg.o(.constdata)
    OSFlagMax                                0x0800bbdc   Data           2  os_dbg.o(.constdata)
    OSFlagNameEn                             0x0800bbde   Data           2  os_dbg.o(.constdata)
    OSLowestPrio                             0x0800bbe0   Data           2  os_dbg.o(.constdata)
    OSMboxEn                                 0x0800bbe2   Data           2  os_dbg.o(.constdata)
    OSMemEn                                  0x0800bbe4   Data           2  os_dbg.o(.constdata)
    OSMemMax                                 0x0800bbe6   Data           2  os_dbg.o(.constdata)
    OSMemNameEn                              0x0800bbe8   Data           2  os_dbg.o(.constdata)
    OSMemSize                                0x0800bbea   Data           2  os_dbg.o(.constdata)
    OSMemTblSize                             0x0800bbec   Data           2  os_dbg.o(.constdata)
    OSMutexEn                                0x0800bbee   Data           2  os_dbg.o(.constdata)
    OSPtrSize                                0x0800bbf0   Data           2  os_dbg.o(.constdata)
    OSQEn                                    0x0800bbf2   Data           2  os_dbg.o(.constdata)
    OSQMax                                   0x0800bbf4   Data           2  os_dbg.o(.constdata)
    OSQSize                                  0x0800bbf6   Data           2  os_dbg.o(.constdata)
    OSRdyTblSize                             0x0800bbf8   Data           2  os_dbg.o(.constdata)
    OSSemEn                                  0x0800bbfa   Data           2  os_dbg.o(.constdata)
    OSStkWidth                               0x0800bbfc   Data           2  os_dbg.o(.constdata)
    OSTaskCreateEn                           0x0800bbfe   Data           2  os_dbg.o(.constdata)
    OSTaskCreateExtEn                        0x0800bc00   Data           2  os_dbg.o(.constdata)
    OSTaskDelEn                              0x0800bc02   Data           2  os_dbg.o(.constdata)
    OSTaskIdleStkSize                        0x0800bc04   Data           2  os_dbg.o(.constdata)
    OSTaskProfileEn                          0x0800bc06   Data           2  os_dbg.o(.constdata)
    OSTaskMax                                0x0800bc08   Data           2  os_dbg.o(.constdata)
    OSTaskNameEn                             0x0800bc0a   Data           2  os_dbg.o(.constdata)
    OSTaskStatEn                             0x0800bc0c   Data           2  os_dbg.o(.constdata)
    OSTaskStatStkSize                        0x0800bc0e   Data           2  os_dbg.o(.constdata)
    OSTaskStatStkChkEn                       0x0800bc10   Data           2  os_dbg.o(.constdata)
    OSTaskSwHookEn                           0x0800bc12   Data           2  os_dbg.o(.constdata)
    OSTaskRegTblSize                         0x0800bc14   Data           2  os_dbg.o(.constdata)
    OSTCBPrioTblMax                          0x0800bc16   Data           2  os_dbg.o(.constdata)
    OSTCBSize                                0x0800bc18   Data           2  os_dbg.o(.constdata)
    OSTicksPerSec                            0x0800bc1a   Data           2  os_dbg.o(.constdata)
    OSTimeTickHookEn                         0x0800bc1c   Data           2  os_dbg.o(.constdata)
    OSVersionNbr                             0x0800bc1e   Data           2  os_dbg.o(.constdata)
    OSTmrEn                                  0x0800bc20   Data           2  os_dbg.o(.constdata)
    OSTmrCfgMax                              0x0800bc22   Data           2  os_dbg.o(.constdata)
    OSTmrCfgNameEn                           0x0800bc24   Data           2  os_dbg.o(.constdata)
    OSTmrCfgWheelSize                        0x0800bc26   Data           2  os_dbg.o(.constdata)
    OSTmrCfgTicksPerSec                      0x0800bc28   Data           2  os_dbg.o(.constdata)
    OSTmrSize                                0x0800bc2a   Data           2  os_dbg.o(.constdata)
    OSTmrTblSize                             0x0800bc2c   Data           2  os_dbg.o(.constdata)
    OSTmrWheelSize                           0x0800bc2e   Data           2  os_dbg.o(.constdata)
    OSTmrWheelTblSize                        0x0800bc30   Data           2  os_dbg.o(.constdata)
    OSDataSize                               0x0800bc32   Data           2  os_dbg.o(.constdata)
    __ctype_table                            0x0800bd58   Data         129  ctype_o.o(.constdata)
    Region$$Table$$Base                      0x0800bde0   Number         0  anon$$obj.o(Region$$Table)
    Region$$Table$$Limit                     0x0800be00   Number         0  anon$$obj.o(Region$$Table)
    FlashImage_setFlow                       0x20000000   Data           2  flash.o(.data)
    FlashImage_purgeFlow                     0x20000002   Data           2  flash.o(.data)
    FlashImage_flowMode                      0x20000004   Data           1  flash.o(.data)
    FlashImage_pressOffset                   0x20000006   Data           2  flash.o(.data)
    FlashImage_pressProtect                  0x20000008   Data           1  flash.o(.data)
    FlashImage_pressMax                      0x2000000a   Data           2  flash.o(.data)
    FlashImage_pressMin                      0x2000000c   Data           2  flash.o(.data)
    FlashImage_backLumin                     0x2000000e   Data           1  flash.o(.data)
    FlashImage_keyBeep                       0x2000000f   Data           1  flash.o(.data)
    KeyMbox                                  0x20000010   Data           4  main.o(.data)
    LcdMbox                                  0x20000014   Data           4  main.o(.data)
    syscnt                                   0x20000018   Data           4  stm32f10x_it.o(.data)
    SystemCoreClock                          0x20000020   Data           4  system_stm32f10x.o(.data)
    AHBPrescTable                            0x20000024   Data          16  system_stm32f10x.o(.data)
    ADC_RCVTab                               0x20000034   Data           4  ad.o(.data)
    adValFFTIndex                            0x20000038   Data           4  pressure.o(.data)
    dError                                   0x20000048   Data           8  pid.o(.data)
    Error                                    0x20000050   Data           8  pid.o(.data)
    OSCtxSwCtr                               0x2000006c   Data           4  os_core.o(.data)
    OSEventFreeList                          0x20000070   Data           4  os_core.o(.data)
    OSFlagFreeList                           0x20000074   Data           4  os_core.o(.data)
    OSCPUUsage                               0x20000078   Data           1  os_core.o(.data)
    OSIdleCtrMax                             0x2000007c   Data           4  os_core.o(.data)
    OSIdleCtrRun                             0x20000080   Data           4  os_core.o(.data)
    OSStatRdy                                0x20000084   Data           1  os_core.o(.data)
    OSIntNesting                             0x20000085   Data           1  os_core.o(.data)
    OSLockNesting                            0x20000086   Data           1  os_core.o(.data)
    OSPrioCur                                0x20000087   Data           1  os_core.o(.data)
    OSPrioHighRdy                            0x20000088   Data           1  os_core.o(.data)
    OSRdyGrp                                 0x20000089   Data           1  os_core.o(.data)
    OSRdyTbl                                 0x2000008a   Data           8  os_core.o(.data)
    OSRunning                                0x20000092   Data           1  os_core.o(.data)
    OSTaskCtr                                0x20000093   Data           1  os_core.o(.data)
    OSIdleCtr                                0x20000094   Data           4  os_core.o(.data)
    OSTCBCur                                 0x20000098   Data           4  os_core.o(.data)
    OSTCBFreeList                            0x2000009c   Data           4  os_core.o(.data)
    OSTCBHighRdy                             0x200000a0   Data           4  os_core.o(.data)
    OSTCBList                                0x200000a4   Data           4  os_core.o(.data)
    OSTickStepState                          0x200000a8   Data           1  os_core.o(.data)
    OSMemFreeList                            0x200000ac   Data           4  os_core.o(.data)
    OSQFreeList                              0x200000b0   Data           4  os_core.o(.data)
    OSTime                                   0x200000b4   Data           4  os_core.o(.data)
    OSTmrFree                                0x200000b8   Data           2  os_core.o(.data)
    OSTmrUsed                                0x200000ba   Data           2  os_core.o(.data)
    OSTmrTime                                0x200000bc   Data           4  os_core.o(.data)
    OSTmrSem                                 0x200000c0   Data           4  os_core.o(.data)
    OSTmrSemSignal                           0x200000c4   Data           4  os_core.o(.data)
    OSTmrFreeList                            0x200000c8   Data           4  os_core.o(.data)
    OSView_CyclesCtr                         0x200000d0   Data           4  os_view.o(.data)
    OSView_TmrCntsPrev                       0x200000d4   Data           2  os_view.o(.data)
    OSView_RxState                           0x200000d6   Data           1  os_view.o(.data)
    OSView_RxRemainLen                       0x200000d7   Data           1  os_view.o(.data)
    OSView_RxChkSum                          0x200000d8   Data           1  os_view.o(.data)
    OSView_RxBufCnt                          0x200000d9   Data           1  os_view.o(.data)
    OSView_RxRdIx                            0x200000da   Data           1  os_view.o(.data)
    OSView_RxCtr                             0x200000dc   Data           4  os_view.o(.data)
    OSView_RxPktCtr                          0x200000e0   Data           2  os_view.o(.data)
    OSView_TxLen                             0x200000e2   Data           2  os_view.o(.data)
    OSView_TxIx                              0x200000e4   Data           2  os_view.o(.data)
    OSView_TxChkSum                          0x200000e6   Data           1  os_view.o(.data)
    OSView_TxState                           0x200000e7   Data           1  os_view.o(.data)
    OSView_TxActiveFlag                      0x200000e8   Data           1  os_view.o(.data)
    OSView_TxBufCnt                          0x200000ea   Data           2  os_view.o(.data)
    OSView_TxBufPtr                          0x200000ec   Data           4  os_view.o(.data)
    OSView_TxCtr                             0x200000f0   Data           4  os_view.o(.data)
    OSView_TxPktCtr                          0x200000f4   Data           2  os_view.o(.data)
    OSView_TxStrLen                          0x200000f6   Data           2  os_view.o(.data)
    OSView_TxStrDlyCtr                       0x200000f8   Data           2  os_view.o(.data)
    OSView_TerminalRxCallbackFnct            0x200000fc   Data           4  os_view.o(.data)
    frameData                                0x20000104   Data          28  communication.o(.bss)
    FlashImage_flowPara                      0x20000120   Data          40  flash.o(.bss)
    TaskStkInit                              0x20000148   Data        1600  main.o(.bss)
    TaskStkKey                               0x20000788   Data        1600  main.o(.bss)
    TaskStkBZ                                0x20000dc8   Data        1600  main.o(.bss)
    TaskStkPUMP                              0x20001408   Data        1600  main.o(.bss)
    TaskStkPC                                0x20001a48   Data        1600  main.o(.bss)
    TaskStkMain                              0x20002088   Data        1600  main.o(.bss)
    RCC_ClockFreq                            0x200026c8   Data          20  rcc.o(.bss)
    ADC_InitStructure                        0x200026dc   Data          20  ad.o(.bss)
    DMA_InitStructure                        0x200026f0   Data          44  ad.o(.bss)
    adValFFTArray                            0x2000271c   Data         128  pressure.o(.bss)
    PumpCtl                                  0x200027a0   Data         144  pump.o(.bss)
    s                                        0x20002830   Data         256  fft.o(.bss)
    Cnt_PID                                  0x20002930   Data          64  pid.o(.bss)
    OSEventTbl                               0x20002970   Data         480  os_core.o(.bss)
    OSFlagTbl                                0x20002b50   Data          80  os_core.o(.bss)
    OSTaskStatStk                            0x20002ba0   Data         256  os_core.o(.bss)
    OSTaskIdleStk                            0x20002ca0   Data         128  os_core.o(.bss)
    OSTCBPrioTbl                             0x20002d20   Data         256  os_core.o(.bss)
    OSTCBTbl                                 0x20002e20   Data        1936  os_core.o(.bss)
    OSMemTbl                                 0x200035b0   Data         120  os_core.o(.bss)
    OSQTbl                                   0x20003628   Data          96  os_core.o(.bss)
    OSTmrTbl                                 0x20003688   Data         640  os_core.o(.bss)
    OSTmrTaskStk                             0x20003908   Data         256  os_core.o(.bss)
    OSTmrWheelTbl                            0x20003a08   Data          64  os_core.o(.bss)
    OSView_RxBuf                             0x20003a48   Data         128  os_view.o(.bss)
    OSView_TxBuf                             0x20003ac8   Data         128  os_view.o(.bss)
    OSView_TxStrBuf                          0x20003b48   Data         128  os_view.o(.bss)
    __initial_sp                             0x2000bbc8   Data           0  startup_stm32f10x_hd.o(STACK)



==============================================================================

Memory Map of the image

  Image Entry point : 0x08000131

  Load Region LR_IROM1 (Base: 0x08000000, Size: 0x0000bf04, Max: 0x00040000, ABSOLUTE)

    Execution Region ER_IROM1 (Exec base: 0x08000000, Load base: 0x08000000, Size: 0x0000be00, Max: 0x00040000, ABSOLUTE)

    Exec Addr    Load Addr    Size         Type   Attr      Idx    E Section Name        Object

    0x08000000   0x08000000   0x00000130   Data   RO          556    RESET               startup_stm32f10x_hd.o
    0x08000130   0x08000130   0x00000000   Code   RO         1495  * .ARM.Collect$$$$00000000  mc_w.l(entry.o)
    0x08000130   0x08000130   0x00000004   Code   RO         1833    .ARM.Collect$$$$00000001  mc_w.l(entry2.o)
    0x08000134   0x08000134   0x00000004   Code   RO         1836    .ARM.Collect$$$$00000004  mc_w.l(entry5.o)
    0x08000138   0x08000138   0x00000000   Code   RO         1838    .ARM.Collect$$$$00000008  mc_w.l(entry7b.o)
    0x08000138   0x08000138   0x00000000   Code   RO         1840    .ARM.Collect$$$$0000000A  mc_w.l(entry8b.o)
    0x08000138   0x08000138   0x00000008   Code   RO         1841    .ARM.Collect$$$$0000000B  mc_w.l(entry9a.o)
    0x08000140   0x08000140   0x00000000   Code   RO         1843    .ARM.Collect$$$$0000000D  mc_w.l(entry10a.o)
    0x08000140   0x08000140   0x00000000   Code   RO         1845    .ARM.Collect$$$$0000000F  mc_w.l(entry11a.o)
    0x08000140   0x08000140   0x00000004   Code   RO         1834    .ARM.Collect$$$$00002712  mc_w.l(entry2.o)
    0x08000144   0x08000144   0x00000024   Code   RO          557    .text               startup_stm32f10x_hd.o
    0x08000168   0x08000168   0x000000e0   Code   RO         1109    .text               stm32lib35.lib(misc.o)
    0x08000248   0x08000248   0x0000042e   Code   RO         1141    .text               stm32lib35.lib(stm32f10x_adc.o)
    0x08000676   0x08000676   0x00000002   PAD
    0x08000678   0x08000678   0x0000025c   Code   RO         1159    .text               stm32lib35.lib(stm32f10x_dma.o)
    0x080008d4   0x080008d4   0x000005cc   Code   RO         1174    .text               stm32lib35.lib(stm32f10x_flash.o)
    0x08000ea0   0x08000ea0   0x00000348   Code   RO         1189    .text               stm32lib35.lib(stm32f10x_gpio.o)
    0x080011e8   0x080011e8   0x00000390   Code   RO         1204    .text               stm32lib35.lib(stm32f10x_rcc.o)
    0x08001578   0x08001578   0x00000d62   Code   RO         1221    .text               stm32lib35.lib(stm32f10x_tim.o)
    0x080022da   0x080022da   0x00000002   PAD
    0x080022dc   0x080022dc   0x00000408   Code   RO         1236    .text               stm32lib35.lib(stm32f10x_usart.o)
    0x080026e4   0x080026e4   0x000000a4   Code   RO         1251    .text               stm32ucoslib.lib(os_cpu_a.o)
    0x08002788   0x08002788   0x00000d54   Code   RO         1254    .text               stm32ucoslib.lib(os_core.o)
    0x080034dc   0x080034dc   0x0000042c   Code   RO         1280    .text               stm32ucoslib.lib(os_mbox.o)
    0x08003908   0x08003908   0x0000090c   Code   RO         1296    .text               stm32ucoslib.lib(os_task.o)
    0x08004214   0x08004214   0x000001d4   Code   RO         1308    .text               stm32ucoslib.lib(os_time.o)
    0x080043e8   0x080043e8   0x0000012c   Code   RO         1320    .text               stm32ucoslib.lib(os_cpu_c.o)
    0x08004514   0x08004514   0x0000015c   Code   RO         1341    .text               stm32ucoslib.lib(os_dbg.o)
    0x08004670   0x08004670   0x00000864   Code   RO         1356    .text               stm32ucoslib.lib(os_flag.o)
    0x08004ed4   0x08004ed4   0x00000258   Code   RO         1368    .text               stm32ucoslib.lib(os_mem.o)
    0x0800512c   0x0800512c   0x00000654   Code   RO         1380    .text               stm32ucoslib.lib(os_q.o)
    0x08005780   0x08005780   0x000006e0   Code   RO         1392    .text               stm32ucoslib.lib(os_tmr.o)
    0x08005e60   0x08005e60   0x00000028   Code   RO         1404    .text               stm32ucoslib.lib(os_apphooks.o)
    0x08005e88   0x08005e88   0x000003e0   Code   RO         1423    .text               stm32ucoslib.lib(os_sem.o)
    0x08006268   0x08006268   0x000008ec   Code   RO         1435    .text               stm32ucoslib.lib(os_view.o)
    0x08006b54   0x08006b54   0x00000022   Code   RO         1461    .text               stm32ucoslib.lib(os_viewc.o)
    0x08006b76   0x08006b76   0x00000024   Code   RO         1498    .text               mc_w.l(memcpya.o)
    0x08006b9a   0x08006b9a   0x00000024   Code   RO         1500    .text               mc_w.l(memseta.o)
    0x08006bbe   0x08006bbe   0x00000012   Code   RO         1502    .text               mc_w.l(strcpy.o)
    0x08006bd0   0x08006bd0   0x0000001a   Code   RO         1767    .text               mc_w.l(atoi.o)
    0x08006bea   0x08006bea   0x000000b0   Code   RO         1769    .text               mf_w.l(fadd.o)
    0x08006c9a   0x08006c9a   0x00000064   Code   RO         1771    .text               mf_w.l(fmul.o)
    0x08006cfe   0x08006cfe   0x0000007c   Code   RO         1773    .text               mf_w.l(fdiv.o)
    0x08006d7a   0x08006d7a   0x0000014e   Code   RO         1775    .text               mf_w.l(dadd.o)
    0x08006ec8   0x08006ec8   0x000000e4   Code   RO         1777    .text               mf_w.l(dmul.o)
    0x08006fac   0x08006fac   0x000000de   Code   RO         1779    .text               mf_w.l(ddiv.o)
    0x0800708a   0x0800708a   0x00000012   Code   RO         1781    .text               mf_w.l(fflti.o)
    0x0800709c   0x0800709c   0x0000000a   Code   RO         1783    .text               mf_w.l(ffltui.o)
    0x080070a6   0x080070a6   0x00000022   Code   RO         1785    .text               mf_w.l(dflti.o)
    0x080070c8   0x080070c8   0x0000001a   Code   RO         1787    .text               mf_w.l(dfltui.o)
    0x080070e2   0x080070e2   0x00000032   Code   RO         1789    .text               mf_w.l(ffixi.o)
    0x08007114   0x08007114   0x00000028   Code   RO         1791    .text               mf_w.l(ffixui.o)
    0x0800713c   0x0800713c   0x0000003e   Code   RO         1793    .text               mf_w.l(dfixi.o)
    0x0800717a   0x0800717a   0x00000032   Code   RO         1795    .text               mf_w.l(dfixui.o)
    0x080071ac   0x080071ac   0x00000026   Code   RO         1797    .text               mf_w.l(f2d.o)
    0x080071d2   0x080071d2   0x00000002   PAD
    0x080071d4   0x080071d4   0x00000030   Code   RO         1799    .text               mf_w.l(cdcmple.o)
    0x08007204   0x08007204   0x00000030   Code   RO         1801    .text               mf_w.l(cdrcmple.o)
    0x08007234   0x08007234   0x00000038   Code   RO         1803    .text               mf_w.l(d2f.o)
    0x0800726c   0x0800726c   0x0000002c   Code   RO         1850    .text               mc_w.l(uidiv.o)
    0x08007298   0x08007298   0x0000001e   Code   RO         1854    .text               mc_w.l(llshl.o)
    0x080072b6   0x080072b6   0x00000020   Code   RO         1856    .text               mc_w.l(llushr.o)
    0x080072d6   0x080072d6   0x00000024   Code   RO         1858    .text               mc_w.l(llsshr.o)
    0x080072fa   0x080072fa   0x00000070   Code   RO         1867    .text               mc_w.l(strtol.o)
    0x0800736a   0x0800736a   0x00000000   Code   RO         1869    .text               mc_w.l(iusefp.o)
    0x0800736a   0x0800736a   0x0000006e   Code   RO         1870    .text               mf_w.l(fepilogue.o)
    0x080073d8   0x080073d8   0x000000ba   Code   RO         1872    .text               mf_w.l(depilogue.o)
    0x08007492   0x08007492   0x00000002   PAD
    0x08007494   0x08007494   0x00000024   Code   RO         1880    .text               mc_w.l(init.o)
    0x080074b8   0x080074b8   0x00000008   Code   RO         1883    .text               mc_w.l(ctype_o.o)
    0x080074c0   0x080074c0   0x0000009e   Code   RO         1911    .text               mc_w.l(_strtoul.o)
    0x0800755e   0x0800755e   0x0000002e   Code   RO         1914    .text               mf_w.l(dscalb.o)
    0x0800758c   0x0800758c   0x0000001c   Code   RO         1916    .text               mc_w.l(_chval.o)
    0x080075a8   0x080075a8   0x000000a8   Code   RO          752    i.ADC_Configuration  ad.o
    0x08007650   0x08007650   0x00000004   Code   RO          231    i.BusFault_Handler  stm32f10x_it.o
    0x08007654   0x08007654   0x00000018   Code   RO            1    i.CalCRC            communication.o
    0x0800766c   0x0800766c   0x00000018   Code   RO          804    i.Clear_Screen      lcd12864.o
    0x08007684   0x08007684   0x00000068   Code   RO          753    i.DMA_Configuration  ad.o
    0x080076ec   0x080076ec   0x00000002   Code   RO          241    i.DebugMon_Handler  stm32f10x_it.o
    0x080076ee   0x080076ee   0x0000004c   Code   RO         1056    i.EE                fft.o
    0x0800773a   0x0800773a   0x00000002   Code   RO          242    i.EXTI0_IRQHandler  stm32f10x_it.o
    0x0800773c   0x0800773c   0x00000002   Code   RO          243    i.EXTI15_10_IRQHandler  stm32f10x_it.o
    0x0800773e   0x0800773e   0x00000002   Code   RO          244    i.EXTI1_IRQHandler  stm32f10x_it.o
    0x08007740   0x08007740   0x00000002   Code   RO          245    i.EXTI2_IRQHandler  stm32f10x_it.o
    0x08007742   0x08007742   0x00000002   Code   RO          246    i.EXTI3_IRQHandler  stm32f10x_it.o
    0x08007744   0x08007744   0x00000002   Code   RO          247    i.EXTI4_IRQHandler  stm32f10x_it.o
    0x08007746   0x08007746   0x00000002   Code   RO          248    i.EXTI9_5_IRQHandler  stm32f10x_it.o
    0x08007748   0x08007748   0x00000026   Code   RO          112    i.Erase_Flash       flash.o
    0x0800776e   0x0800776e   0x00000002   PAD
    0x08007770   0x08007770   0x00000188   Code   RO         1057    i.FFT               fft.o
    0x080078f8   0x080078f8   0x00000002   Code   RO          249    i.FLASH_IRQHandler  stm32f10x_it.o
    0x080078fa   0x080078fa   0x00000002   PAD
    0x080078fc   0x080078fc   0x00000258   Code   RO          596    i.GPIO_Configuration  gpio.o
    0x08007b54   0x08007b54   0x00000198   Code   RO          864    i.GetFlowPara       pump.o
    0x08007cec   0x08007cec   0x0000021c   Code   RO          774    i.GetPressure       pressure.o
    0x08007f08   0x08007f08   0x00000002   Code   RO          250    i.HardFault_Handler  stm32f10x_it.o
    0x08007f0a   0x08007f0a   0x00000002   Code   RO          251    i.I2C1_ER_IRQHandler  stm32f10x_it.o
    0x08007f0c   0x08007f0c   0x00000002   Code   RO          252    i.I2C1_EV_IRQHandler  stm32f10x_it.o
    0x08007f0e   0x08007f0e   0x00000002   Code   RO          253    i.I2C2_ER_IRQHandler  stm32f10x_it.o
    0x08007f10   0x08007f10   0x00000002   Code   RO          254    i.I2C2_EV_IRQHandler  stm32f10x_it.o
    0x08007f12   0x08007f12   0x00000002   PAD
    0x08007f14   0x08007f14   0x0000004c   Code   RO          805    i.LCD_Initial       lcd12864.o
    0x08007f60   0x08007f60   0x0000000e   Code   RO          806    i.LCD_delay         lcd12864.o
    0x08007f6e   0x08007f6e   0x00000004   Code   RO          255    i.MemManage_Handler  stm32f10x_it.o
    0x08007f72   0x08007f72   0x00000002   Code   RO          256    i.NMI_Handler       stm32f10x_it.o
    0x08007f74   0x08007f74   0x00000080   Code   RO          608    i.NVIC_Configuration  nvic.o
    0x08007ff4   0x08007ff4   0x00000020   Code   RO          180    i.OSCreateEvent     main.o
    0x08008014   0x08008014   0x000000f0   Code   RO         1083    i.PID_Calc          pid.o
    0x08008104   0x08008104   0x00000054   Code   RO         1084    i.PID_Init          pid.o
    0x08008158   0x08008158   0x00000002   Code   RO          257    i.PVD_IRQHandler    stm32f10x_it.o
    0x0800815a   0x0800815a   0x00000002   PAD
    0x0800815c   0x0800815c   0x00000104   Code   RO          865    i.PumpPuge          pump.o
    0x08008260   0x08008260   0x000000a0   Code   RO          866    i.PumpSetFlow       pump.o
    0x08008300   0x08008300   0x0000016c   Code   RO          867    i.PumpStart         pump.o
    0x0800846c   0x0800846c   0x000000dc   Code   RO          868    i.PumpStop          pump.o
    0x08008548   0x08008548   0x00000078   Code   RO          726    i.RCC_Configuration  rcc.o
    0x080085c0   0x080085c0   0x00000002   Code   RO          258    i.RCC_IRQHandler    stm32f10x_it.o
    0x080085c2   0x080085c2   0x00000002   Code   RO          259    i.RTCAlarm_IRQHandler  stm32f10x_it.o
    0x080085c4   0x080085c4   0x00000002   Code   RO          260    i.RTC_IRQHandler    stm32f10x_it.o
    0x080085c6   0x080085c6   0x00000002   PAD
    0x080085c8   0x080085c8   0x00000010   Code   RO          776    i.ReadADValue       pressure.o
    0x080085d8   0x080085d8   0x0000010c   Code   RO          113    i.Read_Flash        flash.o
    0x080086e4   0x080086e4   0x00000002   Code   RO          261    i.SPI1_IRQHandler   stm32f10x_it.o
    0x080086e6   0x080086e6   0x00000002   Code   RO          262    i.SPI2_IRQHandler   stm32f10x_it.o
    0x080086e8   0x080086e8   0x00000002   Code   RO          263    i.SVC_Handler       stm32f10x_it.o
    0x080086ea   0x080086ea   0x00000002   PAD
    0x080086ec   0x080086ec   0x000000dc   Code   RO          869    i.SetFlowPara       pump.o
    0x080087c8   0x080087c8   0x00000008   Code   RO          562    i.SetSysClock       system_stm32f10x.o
    0x080087d0   0x080087d0   0x000000e0   Code   RO          563    i.SetSysClockTo72   system_stm32f10x.o
    0x080088b0   0x080088b0   0x0000004a   Code   RO          807    i.Set_Address       lcd12864.o
    0x080088fa   0x080088fa   0x00000010   Code   RO          808    i.Set_Reverse_Type  lcd12864.o
    0x0800890a   0x0800890a   0x00000038   Code   RO          809    i.ShowStr           lcd12864.o
    0x08008942   0x08008942   0x00000002   PAD
    0x08008944   0x08008944   0x00000048   Code   RO          264    i.SysTick_Handler   stm32f10x_it.o
    0x0800898c   0x0800898c   0x00000060   Code   RO          565    i.SystemInit        system_stm32f10x.o
    0x080089ec   0x080089ec   0x00000002   Code   RO          265    i.TAMPER_IRQHandler  stm32f10x_it.o
    0x080089ee   0x080089ee   0x00000002   Code   RO          266    i.TIM1_BRK_IRQHandler  stm32f10x_it.o
    0x080089f0   0x080089f0   0x00000002   Code   RO          267    i.TIM1_CC_IRQHandler  stm32f10x_it.o
    0x080089f2   0x080089f2   0x00000002   Code   RO          268    i.TIM1_TRG_COM_IRQHandler  stm32f10x_it.o
    0x080089f4   0x080089f4   0x00000002   Code   RO          269    i.TIM1_UP_IRQHandler  stm32f10x_it.o
    0x080089f6   0x080089f6   0x00000002   PAD
    0x080089f8   0x080089f8   0x000000d4   Code   RO          270    i.TIM2_IRQHandler   stm32f10x_it.o
    0x08008acc   0x08008acc   0x00000500   Code   RO          271    i.TIM3_IRQHandler   stm32f10x_it.o
    0x08008fcc   0x08008fcc   0x000000a4   Code   RO          272    i.TIM4_IRQHandler   stm32f10x_it.o
    0x08009070   0x08009070   0x000000f0   Code   RO          639    i.TIM_Configuration  tim.o
    0x08009160   0x08009160   0x00000040   Code   RO          181    i.TaskBZ            main.o
    0x080091a0   0x080091a0   0x000000a0   Code   RO          182    i.TaskInit          main.o
    0x08009240   0x08009240   0x00000440   Code   RO          183    i.TaskKey           main.o
    0x08009680   0x08009680   0x00000c88   Code   RO          162    i.TaskMain          interface.o
    0x0800a308   0x0800a308   0x00000490   Code   RO            2    i.TaskPC            communication.o
    0x0800a798   0x0800a798   0x0000000c   Code   RO          184    i.TaskPUMP          main.o
    0x0800a7a4   0x0800a7a4   0x0000003c   Code   RO          273    i.UART4_IRQHandler  stm32f10x_it.o
    0x0800a7e0   0x0800a7e0   0x0000003c   Code   RO          274    i.USART1_IRQHandler  stm32f10x_it.o
    0x0800a81c   0x0800a81c   0x00000098   Code   RO          275    i.USART2_IRQHandler  stm32f10x_it.o
    0x0800a8b4   0x0800a8b4   0x00000020   Code   RO          660    i.USART2_Putc       usart.o
    0x0800a8d4   0x0800a8d4   0x0000002c   Code   RO          661    i.USART2_Puts       usart.o
    0x0800a900   0x0800a900   0x0000003c   Code   RO          276    i.USART3_IRQHandler  stm32f10x_it.o
    0x0800a93c   0x0800a93c   0x000000a0   Code   RO          665    i.USART_Configuration  usart.o
    0x0800a9dc   0x0800a9dc   0x00000002   Code   RO          277    i.USBWakeUp_IRQHandler  stm32f10x_it.o
    0x0800a9de   0x0800a9de   0x00000004   Code   RO          280    i.UsageFault_Handler  stm32f10x_it.o
    0x0800a9e2   0x0800a9e2   0x00000002   Code   RO          281    i.WWDG_IRQHandler   stm32f10x_it.o
    0x0800a9e4   0x0800a9e4   0x00000108   Code   RO          810    i.Wait_for_Transmit  lcd12864.o
    0x0800aaec   0x0800aaec   0x00000024   Code   RO          114    i.Write16bit_Flash  flash.o
    0x0800ab10   0x0800ab10   0x0000011c   Code   RO          811    i.Write_Cmd         lcd12864.o
    0x0800ac2c   0x0800ac2c   0x0000011c   Code   RO          812    i.Write_Data        lcd12864.o
    0x0800ad48   0x0800ad48   0x00000188   Code   RO          117    i.Write_Flash       flash.o
    0x0800aed0   0x0800aed0   0x00000028   Code   RO         1663    i.__0sprintf$6      mc_w.l(printf6.o)
    0x0800aef8   0x0800aef8   0x00000028   Code   RO         1876    i.__ARM_fpclassify  m_ws.l(fpclassify.o)
    0x0800af20   0x0800af20   0x00000008   Code   RO         1860    i.__aeabi_errno_addr  mc_w.l(errno.o)
    0x0800af28   0x0800af28   0x00000388   Code   RO         1822    i.__ieee754_rem_pio2  m_ws.l(rred.o)
    0x0800b2b0   0x0800b2b0   0x000000fc   Code   RO         1805    i.__kernel_cos      m_ws.l(cos_i.o)
    0x0800b3ac   0x0800b3ac   0x000000aa   Code   RO         1878    i.__kernel_poly     m_ws.l(poly.o)
    0x0800b456   0x0800b456   0x00000002   PAD
    0x0800b458   0x0800b458   0x000000ec   Code   RO         1827    i.__kernel_sin      m_ws.l(sin_i.o)
    0x0800b544   0x0800b544   0x00000006   Code   RO         1809    i.__mathlib_dbl_infnan  m_ws.l(dunder.o)
    0x0800b54a   0x0800b54a   0x0000000c   Code   RO         1811    i.__mathlib_dbl_invalid  m_ws.l(dunder.o)
    0x0800b556   0x0800b556   0x00000002   PAD
    0x0800b558   0x0800b558   0x00000010   Code   RO         1814    i.__mathlib_dbl_underflow  m_ws.l(dunder.o)
    0x0800b568   0x0800b568   0x0000000e   Code   RO         1920    i.__scatterload_copy  mc_w.l(handlers.o)
    0x0800b576   0x0800b576   0x00000002   Code   RO         1921    i.__scatterload_null  mc_w.l(handlers.o)
    0x0800b578   0x0800b578   0x0000000e   Code   RO         1922    i.__scatterload_zeroinit  mc_w.l(handlers.o)
    0x0800b586   0x0800b586   0x00000002   PAD
    0x0800b588   0x0800b588   0x0000000c   Code   RO         1862    i.__set_errno       mc_w.l(errno.o)
    0x0800b594   0x0800b594   0x000002f0   Code   RO         1668    i._printf_core      mc_w.l(printf6.o)
    0x0800b884   0x0800b884   0x00000024   Code   RO         1669    i._printf_post_padding  mc_w.l(printf6.o)
    0x0800b8a8   0x0800b8a8   0x0000002e   Code   RO         1670    i._printf_pre_padding  mc_w.l(printf6.o)
    0x0800b8d6   0x0800b8d6   0x0000000a   Code   RO         1672    i._sputc            mc_w.l(printf6.o)
    0x0800b8e0   0x0800b8e0   0x0000009c   Code   RO         1480    i.cos               m_ws.l(cos.o)
    0x0800b97c   0x0800b97c   0x00000054   Code   RO         1058    i.getFFT            fft.o
    0x0800b9d0   0x0800b9d0   0x00000028   Code   RO          185    i.main              main.o
    0x0800b9f8   0x0800b9f8   0x000000a0   Code   RO         1488    i.sin               m_ws.l(sin.o)
    0x0800ba98   0x0800ba98   0x00000028   Data   RO          873    .constdata          pump.o
    0x0800bac0   0x0800bac0   0x00000100   Data   RO         1256    .constdata          stm32ucoslib.lib(os_core.o)
    0x0800bbc0   0x0800bbc0   0x00000074   Data   RO         1342    .constdata          stm32ucoslib.lib(os_dbg.o)
    0x0800bc34   0x0800bc34   0x00000004   PAD
    0x0800bc38   0x0800bc38   0x00000030   Data   RO         1806    .constdata          m_ws.l(cos_i.o)
    0x0800bc68   0x0800bc68   0x000000c8   Data   RO         1824    .constdata          m_ws.l(rred.o)
    0x0800bd30   0x0800bd30   0x00000028   Data   RO         1828    .constdata          m_ws.l(sin_i.o)
    0x0800bd58   0x0800bd58   0x00000081   Data   RO         1884    .constdata          mc_w.l(ctype_o.o)
    0x0800bdd9   0x0800bdd9   0x00000003   PAD
    0x0800bddc   0x0800bddc   0x00000004   Data   RO         1885    .constdata          mc_w.l(ctype_o.o)
    0x0800bde0   0x0800bde0   0x00000020   Data   RO         1918    Region$$Table       anon$$obj.o


    Execution Region RW_IRAM1 (Exec base: 0x20000000, Load base: 0x0800be00, Size: 0x0000bbc8, Max: 0x0000c000, ABSOLUTE)

    Exec Addr    Load Addr    Size         Type   Attr      Idx    E Section Name        Object

    0x20000000   0x0800be00   0x00000010   Data   RW          119    .data               flash.o
    0x20000010   0x0800be10   0x00000008   Data   RW          187    .data               main.o
    0x20000018   0x0800be18   0x00000005   Data   RW          282    .data               stm32f10x_it.o
    0x2000001d   0x0800be1d   0x00000003   PAD
    0x20000020   0x0800be20   0x00000014   Data   RW          566    .data               system_stm32f10x.o
    0x20000034   0x0800be34   0x00000004   Data   RW          755    .data               ad.o
    0x20000038   0x0800be38   0x00000010   Data   RW          779    .data               pressure.o
    0x20000048   0x0800be48   0x00000010   Data   RW         1086    .data               pid.o
    0x20000058   0x0800be58   0x00000014   Data   RW         1205    .data               stm32lib35.lib(stm32f10x_rcc.o)
    0x2000006c   0x0800be6c   0x00000060   Data   RW         1257    .data               stm32ucoslib.lib(os_core.o)
    0x200000cc   0x0800becc   0x00000002   Data   RW         1321    .data               stm32ucoslib.lib(os_cpu_c.o)
    0x200000ce   0x0800bece   0x00000002   PAD
    0x200000d0   0x0800bed0   0x00000030   Data   RW         1437    .data               stm32ucoslib.lib(os_view.o)
    0x20000100   0x0800bf00   0x00000004   Data   RW         1863    .data               mc_w.l(errno.o)
    0x20000104        -       0x0000001c   Zero   RW            3    .bss                communication.o
    0x20000120        -       0x00000028   Zero   RW          118    .bss                flash.o
    0x20000148        -       0x00002580   Zero   RW          186    .bss                main.o
    0x200026c8        -       0x00000014   Zero   RW          728    .bss                rcc.o
    0x200026dc        -       0x00000040   Zero   RW          754    .bss                ad.o
    0x2000271c        -       0x00000080   Zero   RW          777    .bss                pressure.o
    0x2000279c   0x0800bf04   0x00000004   PAD
    0x200027a0        -       0x00000090   Zero   RW          872    .bss                pump.o
    0x20002830        -       0x00000100   Zero   RW         1059    .bss                fft.o
    0x20002930        -       0x00000040   Zero   RW         1085    .bss                pid.o
    0x20002970        -       0x000010d8   Zero   RW         1255    .bss                stm32ucoslib.lib(os_core.o)
    0x20003a48        -       0x00000180   Zero   RW         1436    .bss                stm32ucoslib.lib(os_view.o)
    0x20003bc8        -       0x00008000   Zero   RW          554    STACK               startup_stm32f10x_hd.o


==============================================================================

Image component sizes


      Code (inc. data)   RO Data    RW Data    ZI Data      Debug   Object Name

       272         28          0          4         64       1673   ad.o
      1192        112          0          0         28     288389   communication.o
       552         16          0          0        256       2724   fft.o
       734         98          0         16         40       8655   flash.o
       600         12          0          0          0        765   gpio.o
      3208        368          0          0          0       2379   interface.o
      1092         42          0          0          0       5253   lcd12864.o
      1396         82          0          8       9600       9211   main.o
       128          0          0          0          0        545   nvic.o
       324         22          0         16         64       6443   pid.o
       556         66          0         16        128       2250   pressure.o
      1632        126         40          0        144       9096   pump.o
       120         18          0          0         20      16266   rcc.o
        36          8        304          0      32768        820   startup_stm32f10x_hd.o
      2130        142          0          5          0      18117   stm32f10x_it.o
       328         28          0         20          0       2109   system_stm32f10x.o
       240          8          0          0          0        592   tim.o
       236         18          0          0          0       1654   usart.o

    ----------------------------------------------------------------------
     14792       1194        376         88      43116     376941   Object Totals
         0          0         32          0          0          0   (incl. Generated)
        16          0          0          3          4          0   (incl. Padding)

    ----------------------------------------------------------------------

      Code (inc. data)   RO Data    RW Data    ZI Data      Debug   Library Member Name

       156          8          0          0          0        104   cos.o
       252         22         48          0          0        124   cos_i.o
        34          6          0          0          0        204   dunder.o
        40          0          0          0          0         68   fpclassify.o
       170          0          0          0          0         96   poly.o
       904         76        200          0          0        140   rred.o
       160         10          0          0          0        108   sin.o
       236         12         40          0          0        128   sin_i.o
        28          0          0          0          0         68   _chval.o
       158          0          0          0          0         92   _strtoul.o
        26          0          0          0          0         80   atoi.o
         8          4        133          0          0         68   ctype_o.o
         0          0          0          0          0          0   entry.o
         0          0          0          0          0          0   entry10a.o
         0          0          0          0          0          0   entry11a.o
         8          4          0          0          0          0   entry2.o
         4          0          0          0          0          0   entry5.o
         0          0          0          0          0          0   entry7b.o
         0          0          0          0          0          0   entry8b.o
         8          4          0          0          0          0   entry9a.o
        20         10          0          4          0        136   errno.o
        30          0          0          0          0          0   handlers.o
        36          8          0          0          0         68   init.o
         0          0          0          0          0          0   iusefp.o
        30          0          0          0          0         68   llshl.o
        36          0          0          0          0         68   llsshr.o
        32          0          0          0          0         68   llushr.o
        36          0          0          0          0         68   memcpya.o
        36          0          0          0          0        108   memseta.o
       884         10          0          0          0        420   printf6.o
        18          0          0          0          0         68   strcpy.o
       112          0          0          0          0         88   strtol.o
        44          0          0          0          0         80   uidiv.o
        48          0          0          0          0         68   cdcmple.o
        48          0          0          0          0         68   cdrcmple.o
        56          0          0          0          0         88   d2f.o
       334          0          0          0          0        148   dadd.o
       222          0          0          0          0        100   ddiv.o
       186          0          0          0          0        176   depilogue.o
        62          0          0          0          0         80   dfixi.o
        50          0          0          0          0         76   dfixui.o
        34          0          0          0          0         76   dflti.o
        26          0          0          0          0         76   dfltui.o
       228          0          0          0          0         96   dmul.o
        46          0          0          0          0         80   dscalb.o
        38          0          0          0          0         68   f2d.o
       176          0          0          0          0        140   fadd.o
       124          0          0          0          0         88   fdiv.o
       110          0          0          0          0        168   fepilogue.o
        50          0          0          0          0         68   ffixi.o
        40          0          0          0          0         68   ffixui.o
        18          0          0          0          0         68   fflti.o
        10          0          0          0          0         68   ffltui.o
       100          0          0          0          0         76   fmul.o
       224         20          0          0          0     209601   misc.o
      1070         28          0          0          0      28889   stm32f10x_adc.o
       604          8          0          0          0      14362   stm32f10x_dma.o
      1484         38          0          0          0      14670   stm32f10x_flash.o
       840         38          0          0          0      14209   stm32f10x_gpio.o
       912         32          0         20          0      17712   stm32f10x_rcc.o
      3426         84          0          0          0      42912   stm32f10x_tim.o
      1032         20          0          0          0      14648   stm32f10x_usart.o
        40          0          0          0          0       1543   os_apphooks.o
      3412        286        256         96       4312      19399   os_core.o
       164         32          0          0          0        332   os_cpu_a.o
       300          8          0          2          0      12338   os_cpu_c.o
       348        230        116          0          0       3390   os_dbg.o
      2148         44          0          0          0       6812   os_flag.o
      1068         20          0          0          0      12681   os_mbox.o
       600         16          0          0          0       3228   os_mem.o
      1620         34          0          0          0       5657   os_q.o
       992         22          0          0          0       3878   os_sem.o
      2316         76          0          0          0       7953   os_task.o
       468         28          0          0          0       1782   os_time.o
      1760        130          0          0          0       5541   os_tmr.o
      2284        186          0         48        384       9866   os_view.o
        34          0          0          0          0       9843   os_viewc.o

    ----------------------------------------------------------------------
     32672       1554        800        172       4696     465710   Library Totals
        14          0          7          2          0          0   (incl. Padding)

    ----------------------------------------------------------------------

      Code (inc. data)   RO Data    RW Data    ZI Data      Debug   Library Name

      1952        134        288          0          0        972   m_ws.l
      1554         40        133          4          0       1548   mc_w.l
      2006          0          0          0          0       1944   mf_w.l
      9592        268          0         20          0     357003   stm32lib35.lib
     17554       1112        372        146       4696     104243   stm32ucoslib.lib

    ----------------------------------------------------------------------
     32672       1554        800        172       4696     465710   Library Totals

    ----------------------------------------------------------------------

==============================================================================


      Code (inc. data)   RO Data    RW Data    ZI Data      Debug   

     47464       2748       1176        260      47812     833695   Grand Totals
     47464       2748       1176        260      47812     833695   ELF Image Totals
     47464       2748       1176        260          0          0   ROM Totals

==============================================================================

    Total RO  Size (Code + RO Data)                48640 (  47.50kB)
    Total RW  Size (RW Data + ZI Data)             48072 (  46.95kB)
    Total ROM Size (Code + RO Data + RW Data)      48900 (  47.75kB)

==============================================================================

